[2026-07-18T21:33:58.563+0000] {local_task_job_runner.py:123} INFO - ::group::Pre task execution logs
[2026-07-18T21:33:58.591+0000] {taskinstance.py:2613} INFO - Dependencies all met for dep_context=non-requeueable deps ti=<TaskInstance: esg_data_pipeline.extract_pdf manual__2026-07-18T21:33:47.495952+00:00 [queued]>
[2026-07-18T21:33:58.603+0000] {taskinstance.py:2613} INFO - Dependencies all met for dep_context=requeueable deps ti=<TaskInstance: esg_data_pipeline.extract_pdf manual__2026-07-18T21:33:47.495952+00:00 [queued]>
[2026-07-18T21:33:58.605+0000] {taskinstance.py:2866} INFO - Starting attempt 1 of 2
[2026-07-18T21:33:58.629+0000] {taskinstance.py:2889} INFO - Executing <Task(BashOperator): extract_pdf> on 2026-07-18 21:33:47.495952+00:00
[2026-07-18T21:33:58.645+0000] {warnings.py:112} WARNING - /home/***/.local/lib/python3.12/site-packages/***/task/task_runner/standard_task_runner.py:70: DeprecationWarning: This process (pid=202) is multi-threaded, use of fork() may lead to deadlocks in the child.
  pid = os.fork()

[2026-07-18T21:33:58.647+0000] {standard_task_runner.py:104} INFO - Running: ['***', 'tasks', 'run', 'esg_data_pipeline', 'extract_pdf', 'manual__2026-07-18T21:33:47.495952+00:00', '--job-id', '5', '--raw', '--subdir', 'DAGS_FOLDER/esg_pipeline_dag.py', '--cfg-path', '/tmp/tmpg31umfq7']
[2026-07-18T21:33:58.650+0000] {standard_task_runner.py:72} INFO - Started process 204 to run task
[2026-07-18T21:33:58.651+0000] {standard_task_runner.py:105} INFO - Job 5: Subtask extract_pdf
[2026-07-18T21:33:58.765+0000] {task_command.py:467} INFO - Running <TaskInstance: esg_data_pipeline.extract_pdf manual__2026-07-18T21:33:47.495952+00:00 [running]> on host 4f7460bab454
[2026-07-18T21:33:59.324+0000] {taskinstance.py:3132} INFO - Exporting env vars: AIRFLOW_CTX_DAG_OWNER='ishan' AIRFLOW_CTX_DAG_ID='esg_data_pipeline' AIRFLOW_CTX_TASK_ID='extract_pdf' AIRFLOW_CTX_EXECUTION_DATE='2026-07-18T21:33:47.495952+00:00' AIRFLOW_CTX_TRY_NUMBER='1' AIRFLOW_CTX_DAG_RUN_ID='manual__2026-07-18T21:33:47.495952+00:00'
[2026-07-18T21:33:59.327+0000] {logging_mixin.py:190} INFO - Task instance is in running state
[2026-07-18T21:33:59.329+0000] {logging_mixin.py:190} INFO -  Previous state of the Task instance: queued
[2026-07-18T21:33:59.331+0000] {logging_mixin.py:190} INFO - Current task name:extract_pdf state:running start_date:2026-07-18 21:33:58.593649+00:00
[2026-07-18T21:33:59.335+0000] {logging_mixin.py:190} INFO - Dag name:esg_data_pipeline and current dag run status:running
[2026-07-18T21:33:59.338+0000] {taskinstance.py:731} INFO - ::endgroup::
[2026-07-18T21:33:59.341+0000] {subprocess.py:78} INFO - Tmp dir root location: /tmp
[2026-07-18T21:33:59.344+0000] {subprocess.py:88} INFO - Running command: ['/usr/bin/bash', '-c', 'cd /opt/***/esg_project && python src/extract/pdf_extractor.py']
[2026-07-18T21:33:59.388+0000] {subprocess.py:99} INFO - Output:
[2026-07-18T21:34:00.678+0000] {subprocess.py:106} INFO - /opt/***/esg_project/src/extract/pdf_extractor.py:22: DeprecationWarning: datetime.datetime.utcnow() is deprecated and scheduled for removal in a future version. Use timezone-aware objects to represent datetimes in UTC: datetime.datetime.now(datetime.UTC).
[2026-07-18T21:34:00.680+0000] {subprocess.py:106} INFO -   "extracted_at": datetime.utcnow().isoformat(),
[2026-07-18T21:34:02.649+0000] {subprocess.py:106} INFO - /opt/***/esg_project/src/extract/pdf_extractor.py:43: DeprecationWarning: datetime.datetime.utcnow() is deprecated and scheduled for removal in a future version. Use timezone-aware objects to represent datetimes in UTC: datetime.datetime.now(datetime.UTC).
[2026-07-18T21:34:02.651+0000] {subprocess.py:106} INFO -   timestamp = datetime.utcnow().strftime("%Y%m%d_%H%M%S")
[2026-07-18T21:35:18.387+0000] {subprocess.py:106} INFO - Processing: 1765535663386_ABB_EPD_MCB_Compact_S200__...M__SC...__ST...__...MTUC__...MT___MUC__family (1).pdf
[2026-07-18T21:35:18.390+0000] {subprocess.py:106} INFO - [OK] Saved bronze record -> data/bronze/pdf/1765535663386_ABB_EPD_MCB_Compact_S200__...M__SC...__ST...__...MTUC__...MT___MUC__family (1)_20260718_213402.json
[2026-07-18T21:35:18.392+0000] {subprocess.py:106} INFO - Processing: 1765785927809_Light_bulb_Lival_OY.pdf
[2026-07-18T21:35:18.394+0000] {subprocess.py:106} INFO - [OK] Saved bronze record -> data/bronze/pdf/1765785927809_Light_bulb_Lival_OY_20260718_213410.json
[2026-07-18T21:35:18.396+0000] {subprocess.py:106} INFO - Processing: 1770554955673_report_ecoinvent_submission.pdf
[2026-07-18T21:35:18.398+0000] {subprocess.py:106} INFO - [OK] Saved bronze record -> data/bronze/pdf/1770554955673_report_ecoinvent_submission_20260718_213415.json
[2026-07-18T21:35:18.400+0000] {subprocess.py:106} INFO - Processing: 1774959241141_PolyCo_Screening_LCA_Report_-_v0.1_67___2_.pdf
[2026-07-18T21:35:18.402+0000] {subprocess.py:106} INFO - [OK] Saved bronze record -> data/bronze/pdf/1774959241141_PolyCo_Screening_LCA_Report_-_v0.1_67___2__20260718_213422.json
[2026-07-18T21:35:18.404+0000] {subprocess.py:106} INFO - Processing: Business Responsibility and Sustainability Report 2025-26.pdf
[2026-07-18T21:35:18.406+0000] {subprocess.py:106} INFO - [OK] Saved bronze record -> data/bronze/pdf/Business Responsibility and Sustainability Report 2025-26_20260718_213450.json
[2026-07-18T21:35:18.408+0000] {subprocess.py:106} INFO - Processing: EPD document EPD-IES-0021266_001 en.pdf
[2026-07-18T21:35:18.410+0000] {subprocess.py:106} INFO - [OK] Saved bronze record -> data/bronze/pdf/EPD document EPD-IES-0021266_001 en_20260718_213457.json
[2026-07-18T21:35:18.411+0000] {subprocess.py:106} INFO - Processing: GRI-Sustainability-Report-2018-2019.pdf
[2026-07-18T21:35:18.414+0000] {subprocess.py:106} INFO - [OK] Saved bronze record -> data/bronze/pdf/GRI-Sustainability-Report-2018-2019_20260718_213511.json
[2026-07-18T21:35:18.416+0000] {subprocess.py:106} INFO - Processing: NEPD-16855-20998_ECORD6ASF02MSH---RJ45-S-FTP-CAT6A-Patch-Cord.pdf
[2026-07-18T21:35:18.418+0000] {subprocess.py:106} INFO - [OK] Saved bronze record -> data/bronze/pdf/NEPD-16855-20998_ECORD6ASF02MSH---RJ45-S-FTP-CAT6A-Patch-Cord_20260718_213518.json
[2026-07-18T21:35:18.713+0000] {subprocess.py:110} INFO - Command exited with return code 0
[2026-07-18T21:35:18.819+0000] {taskinstance.py:340} INFO - ::group::Post task execution logs
[2026-07-18T21:35:18.822+0000] {taskinstance.py:352} INFO - Marking task as SUCCESS. dag_id=esg_data_pipeline, task_id=extract_pdf, run_id=manual__2026-07-18T21:33:47.495952+00:00, execution_date=20260718T213347, start_date=20260718T213358, end_date=20260718T213518
[2026-07-18T21:35:18.848+0000] {logging_mixin.py:190} INFO - Task instance in success state
[2026-07-18T21:35:18.849+0000] {logging_mixin.py:190} INFO -  Previous state of the Task instance: running
[2026-07-18T21:35:18.852+0000] {logging_mixin.py:190} INFO - Dag name:esg_data_pipeline queued_at:2026-07-18 21:33:47.572601+00:00
[2026-07-18T21:35:18.853+0000] {logging_mixin.py:190} INFO - Task hostname:4f7460bab454 operator:BashOperator
[2026-07-18T21:35:18.917+0000] {local_task_job_runner.py:266} INFO - Task exited with return code 0
[2026-07-18T21:35:19.224+0000] {taskinstance.py:3895} INFO - 1 downstream tasks scheduled from follow-on schedule check
[2026-07-18T21:35:19.306+0000] {local_task_job_runner.py:245} INFO - ::endgroup::
