[2026-07-18T21:30:54.990+0000] {processor.py:186} INFO - Started process (PID=745) to work on /opt/airflow/dags/esg_pipeline_dag.py
[2026-07-18T21:30:54.993+0000] {processor.py:914} INFO - Processing file /opt/airflow/dags/esg_pipeline_dag.py for tasks to queue
[2026-07-18T21:30:54.998+0000] {logging_mixin.py:190} INFO - [2026-07-18T21:30:54.997+0000] {dagbag.py:588} INFO - Filling up the DagBag from /opt/airflow/dags/esg_pipeline_dag.py
[2026-07-18T21:30:55.066+0000] {processor.py:925} INFO - DAG(s) 'esg_data_pipeline' retrieved from /opt/airflow/dags/esg_pipeline_dag.py
[2026-07-18T21:30:55.305+0000] {logging_mixin.py:190} INFO - [2026-07-18T21:30:55.304+0000] {override.py:1911} INFO - Created Permission View: can edit on DAG:esg_data_pipeline
[2026-07-18T21:30:55.342+0000] {logging_mixin.py:190} INFO - [2026-07-18T21:30:55.341+0000] {override.py:1911} INFO - Created Permission View: can delete on DAG:esg_data_pipeline
[2026-07-18T21:30:55.370+0000] {logging_mixin.py:190} INFO - [2026-07-18T21:30:55.370+0000] {override.py:1911} INFO - Created Permission View: can read on DAG:esg_data_pipeline
[2026-07-18T21:30:55.393+0000] {logging_mixin.py:190} INFO - [2026-07-18T21:30:55.393+0000] {override.py:1911} INFO - Created Permission View: menu access on DAG Run:esg_data_pipeline
[2026-07-18T21:30:55.409+0000] {logging_mixin.py:190} INFO - [2026-07-18T21:30:55.408+0000] {override.py:1911} INFO - Created Permission View: can create on DAG Run:esg_data_pipeline
[2026-07-18T21:30:55.425+0000] {logging_mixin.py:190} INFO - [2026-07-18T21:30:55.424+0000] {override.py:1911} INFO - Created Permission View: can delete on DAG Run:esg_data_pipeline
[2026-07-18T21:30:55.439+0000] {logging_mixin.py:190} INFO - [2026-07-18T21:30:55.438+0000] {override.py:1911} INFO - Created Permission View: can read on DAG Run:esg_data_pipeline
[2026-07-18T21:30:55.441+0000] {logging_mixin.py:190} INFO - [2026-07-18T21:30:55.441+0000] {dag.py:3239} INFO - Sync 1 DAGs
[2026-07-18T21:30:55.463+0000] {logging_mixin.py:190} INFO - [2026-07-18T21:30:55.463+0000] {dag.py:3262} INFO - Creating ORM DAG for esg_data_pipeline
[2026-07-18T21:30:55.466+0000] {logging_mixin.py:190} INFO - [2026-07-18T21:30:55.465+0000] {dag.py:4180} INFO - Setting next_dagrun for esg_data_pipeline to None, run_after=None
[2026-07-18T21:30:55.519+0000] {processor.py:208} INFO - Processing /opt/airflow/dags/esg_pipeline_dag.py took 0.537 seconds
[2026-07-18T21:31:26.465+0000] {processor.py:186} INFO - Started process (PID=809) to work on /opt/airflow/dags/esg_pipeline_dag.py
[2026-07-18T21:31:26.467+0000] {processor.py:914} INFO - Processing file /opt/airflow/dags/esg_pipeline_dag.py for tasks to queue
[2026-07-18T21:31:26.472+0000] {logging_mixin.py:190} INFO - [2026-07-18T21:31:26.472+0000] {dagbag.py:588} INFO - Filling up the DagBag from /opt/airflow/dags/esg_pipeline_dag.py
[2026-07-18T21:31:26.500+0000] {processor.py:925} INFO - DAG(s) 'esg_data_pipeline' retrieved from /opt/airflow/dags/esg_pipeline_dag.py
[2026-07-18T21:31:26.537+0000] {logging_mixin.py:190} INFO - [2026-07-18T21:31:26.536+0000] {dag.py:3239} INFO - Sync 1 DAGs
[2026-07-18T21:31:26.571+0000] {logging_mixin.py:190} INFO - [2026-07-18T21:31:26.571+0000] {dag.py:4180} INFO - Setting next_dagrun for esg_data_pipeline to None, run_after=None
[2026-07-18T21:31:26.611+0000] {processor.py:208} INFO - Processing /opt/airflow/dags/esg_pipeline_dag.py took 0.153 seconds
[2026-07-18T21:31:57.223+0000] {processor.py:186} INFO - Started process (PID=873) to work on /opt/airflow/dags/esg_pipeline_dag.py
[2026-07-18T21:31:57.226+0000] {processor.py:914} INFO - Processing file /opt/airflow/dags/esg_pipeline_dag.py for tasks to queue
[2026-07-18T21:31:57.231+0000] {logging_mixin.py:190} INFO - [2026-07-18T21:31:57.231+0000] {dagbag.py:588} INFO - Filling up the DagBag from /opt/airflow/dags/esg_pipeline_dag.py
[2026-07-18T21:31:57.262+0000] {processor.py:925} INFO - DAG(s) 'esg_data_pipeline' retrieved from /opt/airflow/dags/esg_pipeline_dag.py
[2026-07-18T21:31:57.297+0000] {logging_mixin.py:190} INFO - [2026-07-18T21:31:57.297+0000] {dag.py:3239} INFO - Sync 1 DAGs
[2026-07-18T21:31:57.326+0000] {logging_mixin.py:190} INFO - [2026-07-18T21:31:57.325+0000] {dag.py:4180} INFO - Setting next_dagrun for esg_data_pipeline to None, run_after=None
[2026-07-18T21:31:57.365+0000] {processor.py:208} INFO - Processing /opt/airflow/dags/esg_pipeline_dag.py took 0.152 seconds
[2026-07-18T21:32:27.464+0000] {processor.py:186} INFO - Started process (PID=937) to work on /opt/airflow/dags/esg_pipeline_dag.py
[2026-07-18T21:32:27.466+0000] {processor.py:914} INFO - Processing file /opt/airflow/dags/esg_pipeline_dag.py for tasks to queue
[2026-07-18T21:32:27.473+0000] {logging_mixin.py:190} INFO - [2026-07-18T21:32:27.472+0000] {dagbag.py:588} INFO - Filling up the DagBag from /opt/airflow/dags/esg_pipeline_dag.py
[2026-07-18T21:32:27.512+0000] {processor.py:925} INFO - DAG(s) 'esg_data_pipeline' retrieved from /opt/airflow/dags/esg_pipeline_dag.py
[2026-07-18T21:32:27.568+0000] {logging_mixin.py:190} INFO - [2026-07-18T21:32:27.567+0000] {dag.py:3239} INFO - Sync 1 DAGs
[2026-07-18T21:32:27.604+0000] {logging_mixin.py:190} INFO - [2026-07-18T21:32:27.603+0000] {dag.py:4180} INFO - Setting next_dagrun for esg_data_pipeline to None, run_after=None
[2026-07-18T21:32:27.635+0000] {processor.py:208} INFO - Processing /opt/airflow/dags/esg_pipeline_dag.py took 0.184 seconds
[2026-07-18T21:32:58.406+0000] {processor.py:186} INFO - Started process (PID=1001) to work on /opt/airflow/dags/esg_pipeline_dag.py
[2026-07-18T21:32:58.410+0000] {processor.py:914} INFO - Processing file /opt/airflow/dags/esg_pipeline_dag.py for tasks to queue
[2026-07-18T21:32:58.418+0000] {logging_mixin.py:190} INFO - [2026-07-18T21:32:58.417+0000] {dagbag.py:588} INFO - Filling up the DagBag from /opt/airflow/dags/esg_pipeline_dag.py
[2026-07-18T21:32:58.472+0000] {processor.py:925} INFO - DAG(s) 'esg_data_pipeline' retrieved from /opt/airflow/dags/esg_pipeline_dag.py
[2026-07-18T21:32:58.532+0000] {logging_mixin.py:190} INFO - [2026-07-18T21:32:58.531+0000] {dag.py:3239} INFO - Sync 1 DAGs
[2026-07-18T21:32:58.582+0000] {logging_mixin.py:190} INFO - [2026-07-18T21:32:58.582+0000] {dag.py:4180} INFO - Setting next_dagrun for esg_data_pipeline to None, run_after=None
[2026-07-18T21:32:58.680+0000] {processor.py:208} INFO - Processing /opt/airflow/dags/esg_pipeline_dag.py took 0.293 seconds
[2026-07-18T21:33:28.983+0000] {processor.py:186} INFO - Started process (PID=1066) to work on /opt/airflow/dags/esg_pipeline_dag.py
[2026-07-18T21:33:28.986+0000] {processor.py:914} INFO - Processing file /opt/airflow/dags/esg_pipeline_dag.py for tasks to queue
[2026-07-18T21:33:28.991+0000] {logging_mixin.py:190} INFO - [2026-07-18T21:33:28.991+0000] {dagbag.py:588} INFO - Filling up the DagBag from /opt/airflow/dags/esg_pipeline_dag.py
[2026-07-18T21:33:29.023+0000] {processor.py:925} INFO - DAG(s) 'esg_data_pipeline' retrieved from /opt/airflow/dags/esg_pipeline_dag.py
[2026-07-18T21:33:29.051+0000] {logging_mixin.py:190} INFO - [2026-07-18T21:33:29.050+0000] {dag.py:3239} INFO - Sync 1 DAGs
[2026-07-18T21:33:29.069+0000] {logging_mixin.py:190} INFO - [2026-07-18T21:33:29.069+0000] {dag.py:4180} INFO - Setting next_dagrun for esg_data_pipeline to None, run_after=None
[2026-07-18T21:33:29.094+0000] {processor.py:208} INFO - Processing /opt/airflow/dags/esg_pipeline_dag.py took 0.118 seconds
[2026-07-18T21:34:00.333+0000] {processor.py:186} INFO - Started process (PID=1130) to work on /opt/airflow/dags/esg_pipeline_dag.py
[2026-07-18T21:34:00.336+0000] {processor.py:914} INFO - Processing file /opt/airflow/dags/esg_pipeline_dag.py for tasks to queue
[2026-07-18T21:34:00.342+0000] {logging_mixin.py:190} INFO - [2026-07-18T21:34:00.342+0000] {dagbag.py:588} INFO - Filling up the DagBag from /opt/airflow/dags/esg_pipeline_dag.py
[2026-07-18T21:34:00.387+0000] {processor.py:925} INFO - DAG(s) 'esg_data_pipeline' retrieved from /opt/airflow/dags/esg_pipeline_dag.py
[2026-07-18T21:34:00.441+0000] {logging_mixin.py:190} INFO - [2026-07-18T21:34:00.441+0000] {dag.py:3239} INFO - Sync 1 DAGs
[2026-07-18T21:34:00.471+0000] {logging_mixin.py:190} INFO - [2026-07-18T21:34:00.471+0000] {dag.py:4180} INFO - Setting next_dagrun for esg_data_pipeline to None, run_after=None
[2026-07-18T21:34:00.508+0000] {processor.py:208} INFO - Processing /opt/airflow/dags/esg_pipeline_dag.py took 0.186 seconds
[2026-07-18T21:34:31.875+0000] {processor.py:186} INFO - Started process (PID=1190) to work on /opt/airflow/dags/esg_pipeline_dag.py
[2026-07-18T21:34:31.877+0000] {processor.py:914} INFO - Processing file /opt/airflow/dags/esg_pipeline_dag.py for tasks to queue
[2026-07-18T21:34:31.886+0000] {logging_mixin.py:190} INFO - [2026-07-18T21:34:31.886+0000] {dagbag.py:588} INFO - Filling up the DagBag from /opt/airflow/dags/esg_pipeline_dag.py
[2026-07-18T21:34:31.923+0000] {processor.py:925} INFO - DAG(s) 'esg_data_pipeline' retrieved from /opt/airflow/dags/esg_pipeline_dag.py
[2026-07-18T21:34:31.952+0000] {logging_mixin.py:190} INFO - [2026-07-18T21:34:31.952+0000] {dag.py:3239} INFO - Sync 1 DAGs
[2026-07-18T21:34:31.973+0000] {logging_mixin.py:190} INFO - [2026-07-18T21:34:31.973+0000] {dag.py:4180} INFO - Setting next_dagrun for esg_data_pipeline to None, run_after=None
[2026-07-18T21:34:32.010+0000] {processor.py:208} INFO - Processing /opt/airflow/dags/esg_pipeline_dag.py took 0.157 seconds
[2026-07-18T21:35:02.290+0000] {processor.py:186} INFO - Started process (PID=1243) to work on /opt/airflow/dags/esg_pipeline_dag.py
[2026-07-18T21:35:02.293+0000] {processor.py:914} INFO - Processing file /opt/airflow/dags/esg_pipeline_dag.py for tasks to queue
[2026-07-18T21:35:02.297+0000] {logging_mixin.py:190} INFO - [2026-07-18T21:35:02.296+0000] {dagbag.py:588} INFO - Filling up the DagBag from /opt/airflow/dags/esg_pipeline_dag.py
[2026-07-18T21:35:02.338+0000] {processor.py:925} INFO - DAG(s) 'esg_data_pipeline' retrieved from /opt/airflow/dags/esg_pipeline_dag.py
[2026-07-18T21:35:02.373+0000] {logging_mixin.py:190} INFO - [2026-07-18T21:35:02.373+0000] {dag.py:3239} INFO - Sync 1 DAGs
[2026-07-18T21:35:02.397+0000] {logging_mixin.py:190} INFO - [2026-07-18T21:35:02.397+0000] {dag.py:4180} INFO - Setting next_dagrun for esg_data_pipeline to None, run_after=None
[2026-07-18T21:35:02.427+0000] {processor.py:208} INFO - Processing /opt/airflow/dags/esg_pipeline_dag.py took 0.145 seconds
[2026-07-18T21:35:33.848+0000] {processor.py:186} INFO - Started process (PID=1307) to work on /opt/airflow/dags/esg_pipeline_dag.py
[2026-07-18T21:35:33.850+0000] {processor.py:914} INFO - Processing file /opt/airflow/dags/esg_pipeline_dag.py for tasks to queue
[2026-07-18T21:35:33.856+0000] {logging_mixin.py:190} INFO - [2026-07-18T21:35:33.855+0000] {dagbag.py:588} INFO - Filling up the DagBag from /opt/airflow/dags/esg_pipeline_dag.py
[2026-07-18T21:35:33.895+0000] {processor.py:925} INFO - DAG(s) 'esg_data_pipeline' retrieved from /opt/airflow/dags/esg_pipeline_dag.py
[2026-07-18T21:35:33.939+0000] {logging_mixin.py:190} INFO - [2026-07-18T21:35:33.939+0000] {dag.py:3239} INFO - Sync 1 DAGs
[2026-07-18T21:35:33.974+0000] {logging_mixin.py:190} INFO - [2026-07-18T21:35:33.974+0000] {dag.py:4180} INFO - Setting next_dagrun for esg_data_pipeline to None, run_after=None
[2026-07-18T21:35:34.033+0000] {processor.py:208} INFO - Processing /opt/airflow/dags/esg_pipeline_dag.py took 0.201 seconds
[2026-07-18T21:36:04.106+0000] {processor.py:186} INFO - Started process (PID=1369) to work on /opt/airflow/dags/esg_pipeline_dag.py
[2026-07-18T21:36:04.109+0000] {processor.py:914} INFO - Processing file /opt/airflow/dags/esg_pipeline_dag.py for tasks to queue
[2026-07-18T21:36:04.114+0000] {logging_mixin.py:190} INFO - [2026-07-18T21:36:04.114+0000] {dagbag.py:588} INFO - Filling up the DagBag from /opt/airflow/dags/esg_pipeline_dag.py
[2026-07-18T21:36:04.147+0000] {processor.py:925} INFO - DAG(s) 'esg_data_pipeline' retrieved from /opt/airflow/dags/esg_pipeline_dag.py
[2026-07-18T21:36:04.182+0000] {logging_mixin.py:190} INFO - [2026-07-18T21:36:04.182+0000] {dag.py:3239} INFO - Sync 1 DAGs
[2026-07-18T21:36:04.205+0000] {logging_mixin.py:190} INFO - [2026-07-18T21:36:04.205+0000] {dag.py:4180} INFO - Setting next_dagrun for esg_data_pipeline to None, run_after=None
[2026-07-18T21:36:04.239+0000] {processor.py:208} INFO - Processing /opt/airflow/dags/esg_pipeline_dag.py took 0.145 seconds
[2026-07-18T21:36:34.640+0000] {processor.py:186} INFO - Started process (PID=1429) to work on /opt/airflow/dags/esg_pipeline_dag.py
[2026-07-18T21:36:34.643+0000] {processor.py:914} INFO - Processing file /opt/airflow/dags/esg_pipeline_dag.py for tasks to queue
[2026-07-18T21:36:34.647+0000] {logging_mixin.py:190} INFO - [2026-07-18T21:36:34.646+0000] {dagbag.py:588} INFO - Filling up the DagBag from /opt/airflow/dags/esg_pipeline_dag.py
[2026-07-18T21:36:34.673+0000] {processor.py:925} INFO - DAG(s) 'esg_data_pipeline' retrieved from /opt/airflow/dags/esg_pipeline_dag.py
[2026-07-18T21:36:34.700+0000] {logging_mixin.py:190} INFO - [2026-07-18T21:36:34.700+0000] {dag.py:3239} INFO - Sync 1 DAGs
[2026-07-18T21:36:34.720+0000] {logging_mixin.py:190} INFO - [2026-07-18T21:36:34.720+0000] {dag.py:4180} INFO - Setting next_dagrun for esg_data_pipeline to None, run_after=None
[2026-07-18T21:36:34.749+0000] {processor.py:208} INFO - Processing /opt/airflow/dags/esg_pipeline_dag.py took 0.119 seconds
[2026-07-18T21:37:05.625+0000] {processor.py:186} INFO - Started process (PID=1492) to work on /opt/airflow/dags/esg_pipeline_dag.py
[2026-07-18T21:37:05.629+0000] {processor.py:914} INFO - Processing file /opt/airflow/dags/esg_pipeline_dag.py for tasks to queue
[2026-07-18T21:37:05.636+0000] {logging_mixin.py:190} INFO - [2026-07-18T21:37:05.635+0000] {dagbag.py:588} INFO - Filling up the DagBag from /opt/airflow/dags/esg_pipeline_dag.py
[2026-07-18T21:37:05.680+0000] {processor.py:925} INFO - DAG(s) 'esg_data_pipeline' retrieved from /opt/airflow/dags/esg_pipeline_dag.py
[2026-07-18T21:37:05.712+0000] {logging_mixin.py:190} INFO - [2026-07-18T21:37:05.712+0000] {dag.py:3239} INFO - Sync 1 DAGs
[2026-07-18T21:37:05.741+0000] {logging_mixin.py:190} INFO - [2026-07-18T21:37:05.740+0000] {dag.py:4180} INFO - Setting next_dagrun for esg_data_pipeline to None, run_after=None
[2026-07-18T21:37:05.795+0000] {processor.py:208} INFO - Processing /opt/airflow/dags/esg_pipeline_dag.py took 0.184 seconds
[2026-07-18T21:37:37.307+0000] {processor.py:186} INFO - Started process (PID=1551) to work on /opt/airflow/dags/esg_pipeline_dag.py
[2026-07-18T21:37:37.309+0000] {processor.py:914} INFO - Processing file /opt/airflow/dags/esg_pipeline_dag.py for tasks to queue
[2026-07-18T21:37:37.314+0000] {logging_mixin.py:190} INFO - [2026-07-18T21:37:37.313+0000] {dagbag.py:588} INFO - Filling up the DagBag from /opt/airflow/dags/esg_pipeline_dag.py
[2026-07-18T21:37:37.345+0000] {processor.py:925} INFO - DAG(s) 'esg_data_pipeline' retrieved from /opt/airflow/dags/esg_pipeline_dag.py
[2026-07-18T21:37:37.419+0000] {logging_mixin.py:190} INFO - [2026-07-18T21:37:37.418+0000] {dag.py:3239} INFO - Sync 1 DAGs
[2026-07-18T21:37:37.452+0000] {logging_mixin.py:190} INFO - [2026-07-18T21:37:37.451+0000] {dag.py:4180} INFO - Setting next_dagrun for esg_data_pipeline to None, run_after=None
[2026-07-18T21:37:37.488+0000] {processor.py:208} INFO - Processing /opt/airflow/dags/esg_pipeline_dag.py took 0.192 seconds
[2026-07-18T21:38:08.842+0000] {processor.py:186} INFO - Started process (PID=1613) to work on /opt/airflow/dags/esg_pipeline_dag.py
[2026-07-18T21:38:08.844+0000] {processor.py:914} INFO - Processing file /opt/airflow/dags/esg_pipeline_dag.py for tasks to queue
[2026-07-18T21:38:08.851+0000] {logging_mixin.py:190} INFO - [2026-07-18T21:38:08.850+0000] {dagbag.py:588} INFO - Filling up the DagBag from /opt/airflow/dags/esg_pipeline_dag.py
[2026-07-18T21:38:08.891+0000] {processor.py:925} INFO - DAG(s) 'esg_data_pipeline' retrieved from /opt/airflow/dags/esg_pipeline_dag.py
[2026-07-18T21:38:08.940+0000] {logging_mixin.py:190} INFO - [2026-07-18T21:38:08.939+0000] {dag.py:3239} INFO - Sync 1 DAGs
[2026-07-18T21:38:08.972+0000] {logging_mixin.py:190} INFO - [2026-07-18T21:38:08.971+0000] {dag.py:4180} INFO - Setting next_dagrun for esg_data_pipeline to None, run_after=None
[2026-07-18T21:38:09.024+0000] {processor.py:208} INFO - Processing /opt/airflow/dags/esg_pipeline_dag.py took 0.194 seconds
[2026-07-18T21:38:39.573+0000] {processor.py:186} INFO - Started process (PID=1671) to work on /opt/airflow/dags/esg_pipeline_dag.py
[2026-07-18T21:38:39.575+0000] {processor.py:914} INFO - Processing file /opt/airflow/dags/esg_pipeline_dag.py for tasks to queue
[2026-07-18T21:38:39.581+0000] {logging_mixin.py:190} INFO - [2026-07-18T21:38:39.580+0000] {dagbag.py:588} INFO - Filling up the DagBag from /opt/airflow/dags/esg_pipeline_dag.py
[2026-07-18T21:38:39.613+0000] {processor.py:925} INFO - DAG(s) 'esg_data_pipeline' retrieved from /opt/airflow/dags/esg_pipeline_dag.py
[2026-07-18T21:38:39.643+0000] {logging_mixin.py:190} INFO - [2026-07-18T21:38:39.642+0000] {dag.py:3239} INFO - Sync 1 DAGs
[2026-07-18T21:38:39.661+0000] {logging_mixin.py:190} INFO - [2026-07-18T21:38:39.661+0000] {dag.py:4180} INFO - Setting next_dagrun for esg_data_pipeline to None, run_after=None
[2026-07-18T21:38:39.693+0000] {processor.py:208} INFO - Processing /opt/airflow/dags/esg_pipeline_dag.py took 0.132 seconds
[2026-07-18T21:39:10.326+0000] {processor.py:186} INFO - Started process (PID=1735) to work on /opt/airflow/dags/esg_pipeline_dag.py
[2026-07-18T21:39:10.329+0000] {processor.py:914} INFO - Processing file /opt/airflow/dags/esg_pipeline_dag.py for tasks to queue
[2026-07-18T21:39:10.333+0000] {logging_mixin.py:190} INFO - [2026-07-18T21:39:10.332+0000] {dagbag.py:588} INFO - Filling up the DagBag from /opt/airflow/dags/esg_pipeline_dag.py
[2026-07-18T21:39:10.359+0000] {processor.py:925} INFO - DAG(s) 'esg_data_pipeline' retrieved from /opt/airflow/dags/esg_pipeline_dag.py
[2026-07-18T21:39:10.386+0000] {logging_mixin.py:190} INFO - [2026-07-18T21:39:10.386+0000] {dag.py:3239} INFO - Sync 1 DAGs
[2026-07-18T21:39:10.405+0000] {logging_mixin.py:190} INFO - [2026-07-18T21:39:10.404+0000] {dag.py:4180} INFO - Setting next_dagrun for esg_data_pipeline to None, run_after=None
[2026-07-18T21:39:10.473+0000] {processor.py:208} INFO - Processing /opt/airflow/dags/esg_pipeline_dag.py took 0.154 seconds
[2026-07-18T21:39:42.331+0000] {processor.py:186} INFO - Started process (PID=1794) to work on /opt/airflow/dags/esg_pipeline_dag.py
[2026-07-18T21:39:42.334+0000] {processor.py:914} INFO - Processing file /opt/airflow/dags/esg_pipeline_dag.py for tasks to queue
[2026-07-18T21:39:42.340+0000] {logging_mixin.py:190} INFO - [2026-07-18T21:39:42.339+0000] {dagbag.py:588} INFO - Filling up the DagBag from /opt/airflow/dags/esg_pipeline_dag.py
[2026-07-18T21:39:42.377+0000] {processor.py:925} INFO - DAG(s) 'esg_data_pipeline' retrieved from /opt/airflow/dags/esg_pipeline_dag.py
[2026-07-18T21:39:42.415+0000] {logging_mixin.py:190} INFO - [2026-07-18T21:39:42.415+0000] {dag.py:3239} INFO - Sync 1 DAGs
[2026-07-18T21:39:42.438+0000] {logging_mixin.py:190} INFO - [2026-07-18T21:39:42.437+0000] {dag.py:4180} INFO - Setting next_dagrun for esg_data_pipeline to None, run_after=None
[2026-07-18T21:39:42.534+0000] {processor.py:208} INFO - Processing /opt/airflow/dags/esg_pipeline_dag.py took 0.216 seconds
[2026-07-18T21:40:13.872+0000] {processor.py:186} INFO - Started process (PID=1856) to work on /opt/airflow/dags/esg_pipeline_dag.py
[2026-07-18T21:40:13.875+0000] {processor.py:914} INFO - Processing file /opt/airflow/dags/esg_pipeline_dag.py for tasks to queue
[2026-07-18T21:40:13.880+0000] {logging_mixin.py:190} INFO - [2026-07-18T21:40:13.880+0000] {dagbag.py:588} INFO - Filling up the DagBag from /opt/airflow/dags/esg_pipeline_dag.py
[2026-07-18T21:40:13.917+0000] {processor.py:925} INFO - DAG(s) 'esg_data_pipeline' retrieved from /opt/airflow/dags/esg_pipeline_dag.py
[2026-07-18T21:40:13.960+0000] {logging_mixin.py:190} INFO - [2026-07-18T21:40:13.960+0000] {dag.py:3239} INFO - Sync 1 DAGs
[2026-07-18T21:40:13.993+0000] {logging_mixin.py:190} INFO - [2026-07-18T21:40:13.993+0000] {dag.py:4180} INFO - Setting next_dagrun for esg_data_pipeline to None, run_after=None
[2026-07-18T21:40:14.060+0000] {processor.py:208} INFO - Processing /opt/airflow/dags/esg_pipeline_dag.py took 0.202 seconds
[2026-07-18T21:40:45.216+0000] {processor.py:186} INFO - Started process (PID=1918) to work on /opt/airflow/dags/esg_pipeline_dag.py
[2026-07-18T21:40:45.219+0000] {processor.py:914} INFO - Processing file /opt/airflow/dags/esg_pipeline_dag.py for tasks to queue
[2026-07-18T21:40:45.225+0000] {logging_mixin.py:190} INFO - [2026-07-18T21:40:45.224+0000] {dagbag.py:588} INFO - Filling up the DagBag from /opt/airflow/dags/esg_pipeline_dag.py
[2026-07-18T21:40:45.261+0000] {processor.py:925} INFO - DAG(s) 'esg_data_pipeline' retrieved from /opt/airflow/dags/esg_pipeline_dag.py
[2026-07-18T21:40:45.301+0000] {logging_mixin.py:190} INFO - [2026-07-18T21:40:45.300+0000] {dag.py:3239} INFO - Sync 1 DAGs
[2026-07-18T21:40:45.337+0000] {logging_mixin.py:190} INFO - [2026-07-18T21:40:45.336+0000] {dag.py:4180} INFO - Setting next_dagrun for esg_data_pipeline to None, run_after=None
[2026-07-18T21:40:45.372+0000] {processor.py:208} INFO - Processing /opt/airflow/dags/esg_pipeline_dag.py took 0.171 seconds
[2026-07-18T21:41:16.126+0000] {processor.py:186} INFO - Started process (PID=1980) to work on /opt/airflow/dags/esg_pipeline_dag.py
[2026-07-18T21:41:16.128+0000] {processor.py:914} INFO - Processing file /opt/airflow/dags/esg_pipeline_dag.py for tasks to queue
[2026-07-18T21:41:16.133+0000] {logging_mixin.py:190} INFO - [2026-07-18T21:41:16.133+0000] {dagbag.py:588} INFO - Filling up the DagBag from /opt/airflow/dags/esg_pipeline_dag.py
[2026-07-18T21:41:16.168+0000] {processor.py:925} INFO - DAG(s) 'esg_data_pipeline' retrieved from /opt/airflow/dags/esg_pipeline_dag.py
[2026-07-18T21:41:16.199+0000] {logging_mixin.py:190} INFO - [2026-07-18T21:41:16.198+0000] {dag.py:3239} INFO - Sync 1 DAGs
[2026-07-18T21:41:16.218+0000] {logging_mixin.py:190} INFO - [2026-07-18T21:41:16.218+0000] {dag.py:4180} INFO - Setting next_dagrun for esg_data_pipeline to None, run_after=None
[2026-07-18T21:41:16.247+0000] {processor.py:208} INFO - Processing /opt/airflow/dags/esg_pipeline_dag.py took 0.130 seconds
[2026-07-18T21:41:46.539+0000] {processor.py:186} INFO - Started process (PID=2042) to work on /opt/airflow/dags/esg_pipeline_dag.py
[2026-07-18T21:41:46.542+0000] {processor.py:914} INFO - Processing file /opt/airflow/dags/esg_pipeline_dag.py for tasks to queue
[2026-07-18T21:41:46.550+0000] {logging_mixin.py:190} INFO - [2026-07-18T21:41:46.550+0000] {dagbag.py:588} INFO - Filling up the DagBag from /opt/airflow/dags/esg_pipeline_dag.py
[2026-07-18T21:41:46.590+0000] {processor.py:925} INFO - DAG(s) 'esg_data_pipeline' retrieved from /opt/airflow/dags/esg_pipeline_dag.py
[2026-07-18T21:41:46.627+0000] {logging_mixin.py:190} INFO - [2026-07-18T21:41:46.626+0000] {dag.py:3239} INFO - Sync 1 DAGs
[2026-07-18T21:41:46.650+0000] {logging_mixin.py:190} INFO - [2026-07-18T21:41:46.650+0000] {dag.py:4180} INFO - Setting next_dagrun for esg_data_pipeline to None, run_after=None
[2026-07-18T21:41:46.686+0000] {processor.py:208} INFO - Processing /opt/airflow/dags/esg_pipeline_dag.py took 0.167 seconds
[2026-07-18T21:42:17.302+0000] {processor.py:186} INFO - Started process (PID=2107) to work on /opt/airflow/dags/esg_pipeline_dag.py
[2026-07-18T21:42:17.304+0000] {processor.py:914} INFO - Processing file /opt/airflow/dags/esg_pipeline_dag.py for tasks to queue
[2026-07-18T21:42:17.309+0000] {logging_mixin.py:190} INFO - [2026-07-18T21:42:17.308+0000] {dagbag.py:588} INFO - Filling up the DagBag from /opt/airflow/dags/esg_pipeline_dag.py
[2026-07-18T21:42:17.336+0000] {processor.py:925} INFO - DAG(s) 'esg_data_pipeline' retrieved from /opt/airflow/dags/esg_pipeline_dag.py
[2026-07-18T21:42:17.361+0000] {logging_mixin.py:190} INFO - [2026-07-18T21:42:17.360+0000] {dag.py:3239} INFO - Sync 1 DAGs
[2026-07-18T21:42:17.379+0000] {logging_mixin.py:190} INFO - [2026-07-18T21:42:17.379+0000] {dag.py:4180} INFO - Setting next_dagrun for esg_data_pipeline to None, run_after=None
[2026-07-18T21:42:17.461+0000] {processor.py:208} INFO - Processing /opt/airflow/dags/esg_pipeline_dag.py took 0.166 seconds
[2026-07-18T21:42:47.783+0000] {processor.py:186} INFO - Started process (PID=2171) to work on /opt/airflow/dags/esg_pipeline_dag.py
[2026-07-18T21:42:47.786+0000] {processor.py:914} INFO - Processing file /opt/airflow/dags/esg_pipeline_dag.py for tasks to queue
[2026-07-18T21:42:47.790+0000] {logging_mixin.py:190} INFO - [2026-07-18T21:42:47.790+0000] {dagbag.py:588} INFO - Filling up the DagBag from /opt/airflow/dags/esg_pipeline_dag.py
[2026-07-18T21:42:47.826+0000] {processor.py:925} INFO - DAG(s) 'esg_data_pipeline' retrieved from /opt/airflow/dags/esg_pipeline_dag.py
[2026-07-18T21:42:47.856+0000] {logging_mixin.py:190} INFO - [2026-07-18T21:42:47.856+0000] {dag.py:3239} INFO - Sync 1 DAGs
[2026-07-18T21:42:47.898+0000] {logging_mixin.py:190} INFO - [2026-07-18T21:42:47.898+0000] {dag.py:4180} INFO - Setting next_dagrun for esg_data_pipeline to None, run_after=None
[2026-07-18T21:42:47.987+0000] {processor.py:208} INFO - Processing /opt/airflow/dags/esg_pipeline_dag.py took 0.213 seconds
[2026-07-18T21:43:18.223+0000] {processor.py:186} INFO - Started process (PID=2236) to work on /opt/airflow/dags/esg_pipeline_dag.py
[2026-07-18T21:43:18.226+0000] {processor.py:914} INFO - Processing file /opt/airflow/dags/esg_pipeline_dag.py for tasks to queue
[2026-07-18T21:43:18.230+0000] {logging_mixin.py:190} INFO - [2026-07-18T21:43:18.230+0000] {dagbag.py:588} INFO - Filling up the DagBag from /opt/airflow/dags/esg_pipeline_dag.py
[2026-07-18T21:43:18.259+0000] {processor.py:925} INFO - DAG(s) 'esg_data_pipeline' retrieved from /opt/airflow/dags/esg_pipeline_dag.py
[2026-07-18T21:43:18.289+0000] {logging_mixin.py:190} INFO - [2026-07-18T21:43:18.289+0000] {dag.py:3239} INFO - Sync 1 DAGs
[2026-07-18T21:43:18.310+0000] {logging_mixin.py:190} INFO - [2026-07-18T21:43:18.310+0000] {dag.py:4180} INFO - Setting next_dagrun for esg_data_pipeline to None, run_after=None
[2026-07-18T21:43:18.402+0000] {processor.py:208} INFO - Processing /opt/airflow/dags/esg_pipeline_dag.py took 0.187 seconds
[2026-07-18T21:43:48.994+0000] {processor.py:186} INFO - Started process (PID=2301) to work on /opt/airflow/dags/esg_pipeline_dag.py
[2026-07-18T21:43:48.997+0000] {processor.py:914} INFO - Processing file /opt/airflow/dags/esg_pipeline_dag.py for tasks to queue
[2026-07-18T21:43:49.002+0000] {logging_mixin.py:190} INFO - [2026-07-18T21:43:49.001+0000] {dagbag.py:588} INFO - Filling up the DagBag from /opt/airflow/dags/esg_pipeline_dag.py
[2026-07-18T21:43:49.034+0000] {processor.py:925} INFO - DAG(s) 'esg_data_pipeline' retrieved from /opt/airflow/dags/esg_pipeline_dag.py
[2026-07-18T21:43:49.075+0000] {logging_mixin.py:190} INFO - [2026-07-18T21:43:49.074+0000] {dag.py:3239} INFO - Sync 1 DAGs
[2026-07-18T21:43:49.097+0000] {logging_mixin.py:190} INFO - [2026-07-18T21:43:49.097+0000] {dag.py:4180} INFO - Setting next_dagrun for esg_data_pipeline to None, run_after=None
[2026-07-18T21:43:49.178+0000] {processor.py:208} INFO - Processing /opt/airflow/dags/esg_pipeline_dag.py took 0.192 seconds
[2026-07-18T21:44:19.460+0000] {processor.py:186} INFO - Started process (PID=2365) to work on /opt/airflow/dags/esg_pipeline_dag.py
[2026-07-18T21:44:19.463+0000] {processor.py:914} INFO - Processing file /opt/airflow/dags/esg_pipeline_dag.py for tasks to queue
[2026-07-18T21:44:19.467+0000] {logging_mixin.py:190} INFO - [2026-07-18T21:44:19.466+0000] {dagbag.py:588} INFO - Filling up the DagBag from /opt/airflow/dags/esg_pipeline_dag.py
[2026-07-18T21:44:19.497+0000] {processor.py:925} INFO - DAG(s) 'esg_data_pipeline' retrieved from /opt/airflow/dags/esg_pipeline_dag.py
[2026-07-18T21:44:19.528+0000] {logging_mixin.py:190} INFO - [2026-07-18T21:44:19.527+0000] {dag.py:3239} INFO - Sync 1 DAGs
[2026-07-18T21:44:19.569+0000] {logging_mixin.py:190} INFO - [2026-07-18T21:44:19.568+0000] {dag.py:4180} INFO - Setting next_dagrun for esg_data_pipeline to None, run_after=None
[2026-07-18T21:44:19.655+0000] {processor.py:208} INFO - Processing /opt/airflow/dags/esg_pipeline_dag.py took 0.206 seconds
[2026-07-18T21:44:49.751+0000] {processor.py:186} INFO - Started process (PID=2429) to work on /opt/airflow/dags/esg_pipeline_dag.py
[2026-07-18T21:44:49.754+0000] {processor.py:914} INFO - Processing file /opt/airflow/dags/esg_pipeline_dag.py for tasks to queue
[2026-07-18T21:44:49.759+0000] {logging_mixin.py:190} INFO - [2026-07-18T21:44:49.759+0000] {dagbag.py:588} INFO - Filling up the DagBag from /opt/airflow/dags/esg_pipeline_dag.py
[2026-07-18T21:44:49.791+0000] {processor.py:925} INFO - DAG(s) 'esg_data_pipeline' retrieved from /opt/airflow/dags/esg_pipeline_dag.py
[2026-07-18T21:44:49.826+0000] {logging_mixin.py:190} INFO - [2026-07-18T21:44:49.826+0000] {dag.py:3239} INFO - Sync 1 DAGs
[2026-07-18T21:44:49.849+0000] {logging_mixin.py:190} INFO - [2026-07-18T21:44:49.849+0000] {dag.py:4180} INFO - Setting next_dagrun for esg_data_pipeline to None, run_after=None
[2026-07-18T21:44:49.936+0000] {processor.py:208} INFO - Processing /opt/airflow/dags/esg_pipeline_dag.py took 0.192 seconds
[2026-07-18T21:45:20.148+0000] {processor.py:186} INFO - Started process (PID=2493) to work on /opt/airflow/dags/esg_pipeline_dag.py
[2026-07-18T21:45:20.151+0000] {processor.py:914} INFO - Processing file /opt/airflow/dags/esg_pipeline_dag.py for tasks to queue
[2026-07-18T21:45:20.156+0000] {logging_mixin.py:190} INFO - [2026-07-18T21:45:20.155+0000] {dagbag.py:588} INFO - Filling up the DagBag from /opt/airflow/dags/esg_pipeline_dag.py
[2026-07-18T21:45:20.194+0000] {processor.py:925} INFO - DAG(s) 'esg_data_pipeline' retrieved from /opt/airflow/dags/esg_pipeline_dag.py
[2026-07-18T21:45:20.228+0000] {logging_mixin.py:190} INFO - [2026-07-18T21:45:20.227+0000] {dag.py:3239} INFO - Sync 1 DAGs
[2026-07-18T21:45:20.255+0000] {logging_mixin.py:190} INFO - [2026-07-18T21:45:20.255+0000] {dag.py:4180} INFO - Setting next_dagrun for esg_data_pipeline to None, run_after=None
[2026-07-18T21:45:20.301+0000] {processor.py:208} INFO - Processing /opt/airflow/dags/esg_pipeline_dag.py took 0.177 seconds
[2026-07-18T21:45:50.902+0000] {processor.py:186} INFO - Started process (PID=2557) to work on /opt/airflow/dags/esg_pipeline_dag.py
[2026-07-18T21:45:50.905+0000] {processor.py:914} INFO - Processing file /opt/airflow/dags/esg_pipeline_dag.py for tasks to queue
[2026-07-18T21:45:50.910+0000] {logging_mixin.py:190} INFO - [2026-07-18T21:45:50.909+0000] {dagbag.py:588} INFO - Filling up the DagBag from /opt/airflow/dags/esg_pipeline_dag.py
[2026-07-18T21:45:50.936+0000] {processor.py:925} INFO - DAG(s) 'esg_data_pipeline' retrieved from /opt/airflow/dags/esg_pipeline_dag.py
[2026-07-18T21:45:50.969+0000] {logging_mixin.py:190} INFO - [2026-07-18T21:45:50.969+0000] {dag.py:3239} INFO - Sync 1 DAGs
[2026-07-18T21:45:50.991+0000] {logging_mixin.py:190} INFO - [2026-07-18T21:45:50.991+0000] {dag.py:4180} INFO - Setting next_dagrun for esg_data_pipeline to None, run_after=None
[2026-07-18T21:45:51.071+0000] {processor.py:208} INFO - Processing /opt/airflow/dags/esg_pipeline_dag.py took 0.177 seconds
[2026-07-18T21:46:21.394+0000] {processor.py:186} INFO - Started process (PID=2621) to work on /opt/airflow/dags/esg_pipeline_dag.py
[2026-07-18T21:46:21.396+0000] {processor.py:914} INFO - Processing file /opt/airflow/dags/esg_pipeline_dag.py for tasks to queue
[2026-07-18T21:46:21.401+0000] {logging_mixin.py:190} INFO - [2026-07-18T21:46:21.401+0000] {dagbag.py:588} INFO - Filling up the DagBag from /opt/airflow/dags/esg_pipeline_dag.py
[2026-07-18T21:46:21.433+0000] {processor.py:925} INFO - DAG(s) 'esg_data_pipeline' retrieved from /opt/airflow/dags/esg_pipeline_dag.py
[2026-07-18T21:46:21.464+0000] {logging_mixin.py:190} INFO - [2026-07-18T21:46:21.463+0000] {dag.py:3239} INFO - Sync 1 DAGs
[2026-07-18T21:46:21.489+0000] {logging_mixin.py:190} INFO - [2026-07-18T21:46:21.488+0000] {dag.py:4180} INFO - Setting next_dagrun for esg_data_pipeline to None, run_after=None
[2026-07-18T21:46:21.598+0000] {processor.py:208} INFO - Processing /opt/airflow/dags/esg_pipeline_dag.py took 0.214 seconds
[2026-07-18T21:46:52.426+0000] {processor.py:186} INFO - Started process (PID=2685) to work on /opt/airflow/dags/esg_pipeline_dag.py
[2026-07-18T21:46:52.429+0000] {processor.py:914} INFO - Processing file /opt/airflow/dags/esg_pipeline_dag.py for tasks to queue
[2026-07-18T21:46:52.433+0000] {logging_mixin.py:190} INFO - [2026-07-18T21:46:52.433+0000] {dagbag.py:588} INFO - Filling up the DagBag from /opt/airflow/dags/esg_pipeline_dag.py
[2026-07-18T21:46:52.463+0000] {processor.py:925} INFO - DAG(s) 'esg_data_pipeline' retrieved from /opt/airflow/dags/esg_pipeline_dag.py
[2026-07-18T21:46:52.490+0000] {logging_mixin.py:190} INFO - [2026-07-18T21:46:52.489+0000] {dag.py:3239} INFO - Sync 1 DAGs
[2026-07-18T21:46:52.508+0000] {logging_mixin.py:190} INFO - [2026-07-18T21:46:52.507+0000] {dag.py:4180} INFO - Setting next_dagrun for esg_data_pipeline to None, run_after=None
[2026-07-18T21:46:52.536+0000] {processor.py:208} INFO - Processing /opt/airflow/dags/esg_pipeline_dag.py took 0.118 seconds
[2026-07-18T21:47:22.898+0000] {processor.py:186} INFO - Started process (PID=2749) to work on /opt/airflow/dags/esg_pipeline_dag.py
[2026-07-18T21:47:22.900+0000] {processor.py:914} INFO - Processing file /opt/airflow/dags/esg_pipeline_dag.py for tasks to queue
[2026-07-18T21:47:22.904+0000] {logging_mixin.py:190} INFO - [2026-07-18T21:47:22.904+0000] {dagbag.py:588} INFO - Filling up the DagBag from /opt/airflow/dags/esg_pipeline_dag.py
[2026-07-18T21:47:22.932+0000] {processor.py:925} INFO - DAG(s) 'esg_data_pipeline' retrieved from /opt/airflow/dags/esg_pipeline_dag.py
[2026-07-18T21:47:22.958+0000] {logging_mixin.py:190} INFO - [2026-07-18T21:47:22.958+0000] {dag.py:3239} INFO - Sync 1 DAGs
[2026-07-18T21:47:22.976+0000] {logging_mixin.py:190} INFO - [2026-07-18T21:47:22.976+0000] {dag.py:4180} INFO - Setting next_dagrun for esg_data_pipeline to None, run_after=None
[2026-07-18T21:47:23.059+0000] {processor.py:208} INFO - Processing /opt/airflow/dags/esg_pipeline_dag.py took 0.169 seconds
[2026-07-18T21:47:53.541+0000] {processor.py:186} INFO - Started process (PID=2813) to work on /opt/airflow/dags/esg_pipeline_dag.py
[2026-07-18T21:47:53.543+0000] {processor.py:914} INFO - Processing file /opt/airflow/dags/esg_pipeline_dag.py for tasks to queue
[2026-07-18T21:47:53.548+0000] {logging_mixin.py:190} INFO - [2026-07-18T21:47:53.547+0000] {dagbag.py:588} INFO - Filling up the DagBag from /opt/airflow/dags/esg_pipeline_dag.py
[2026-07-18T21:47:53.572+0000] {processor.py:925} INFO - DAG(s) 'esg_data_pipeline' retrieved from /opt/airflow/dags/esg_pipeline_dag.py
[2026-07-18T21:47:53.600+0000] {logging_mixin.py:190} INFO - [2026-07-18T21:47:53.600+0000] {dag.py:3239} INFO - Sync 1 DAGs
[2026-07-18T21:47:53.619+0000] {logging_mixin.py:190} INFO - [2026-07-18T21:47:53.619+0000] {dag.py:4180} INFO - Setting next_dagrun for esg_data_pipeline to None, run_after=None
[2026-07-18T21:47:53.699+0000] {processor.py:208} INFO - Processing /opt/airflow/dags/esg_pipeline_dag.py took 0.168 seconds
[2026-07-18T21:48:24.343+0000] {processor.py:186} INFO - Started process (PID=2877) to work on /opt/airflow/dags/esg_pipeline_dag.py
[2026-07-18T21:48:24.348+0000] {processor.py:914} INFO - Processing file /opt/airflow/dags/esg_pipeline_dag.py for tasks to queue
[2026-07-18T21:48:24.352+0000] {logging_mixin.py:190} INFO - [2026-07-18T21:48:24.351+0000] {dagbag.py:588} INFO - Filling up the DagBag from /opt/airflow/dags/esg_pipeline_dag.py
[2026-07-18T21:48:24.381+0000] {processor.py:925} INFO - DAG(s) 'esg_data_pipeline' retrieved from /opt/airflow/dags/esg_pipeline_dag.py
[2026-07-18T21:48:24.406+0000] {logging_mixin.py:190} INFO - [2026-07-18T21:48:24.406+0000] {dag.py:3239} INFO - Sync 1 DAGs
[2026-07-18T21:48:24.426+0000] {logging_mixin.py:190} INFO - [2026-07-18T21:48:24.425+0000] {dag.py:4180} INFO - Setting next_dagrun for esg_data_pipeline to None, run_after=None
[2026-07-18T21:48:24.454+0000] {processor.py:208} INFO - Processing /opt/airflow/dags/esg_pipeline_dag.py took 0.119 seconds
[2026-07-18T21:48:55.021+0000] {processor.py:186} INFO - Started process (PID=2941) to work on /opt/airflow/dags/esg_pipeline_dag.py
[2026-07-18T21:48:55.024+0000] {processor.py:914} INFO - Processing file /opt/airflow/dags/esg_pipeline_dag.py for tasks to queue
[2026-07-18T21:48:55.029+0000] {logging_mixin.py:190} INFO - [2026-07-18T21:48:55.028+0000] {dagbag.py:588} INFO - Filling up the DagBag from /opt/airflow/dags/esg_pipeline_dag.py
[2026-07-18T21:48:55.054+0000] {processor.py:925} INFO - DAG(s) 'esg_data_pipeline' retrieved from /opt/airflow/dags/esg_pipeline_dag.py
[2026-07-18T21:48:55.082+0000] {logging_mixin.py:190} INFO - [2026-07-18T21:48:55.082+0000] {dag.py:3239} INFO - Sync 1 DAGs
[2026-07-18T21:48:55.102+0000] {logging_mixin.py:190} INFO - [2026-07-18T21:48:55.101+0000] {dag.py:4180} INFO - Setting next_dagrun for esg_data_pipeline to None, run_after=None
[2026-07-18T21:48:55.136+0000] {processor.py:208} INFO - Processing /opt/airflow/dags/esg_pipeline_dag.py took 0.122 seconds
[2026-07-18T21:49:25.465+0000] {processor.py:186} INFO - Started process (PID=3005) to work on /opt/airflow/dags/esg_pipeline_dag.py
[2026-07-18T21:49:25.468+0000] {processor.py:914} INFO - Processing file /opt/airflow/dags/esg_pipeline_dag.py for tasks to queue
[2026-07-18T21:49:25.473+0000] {logging_mixin.py:190} INFO - [2026-07-18T21:49:25.473+0000] {dagbag.py:588} INFO - Filling up the DagBag from /opt/airflow/dags/esg_pipeline_dag.py
[2026-07-18T21:49:25.509+0000] {processor.py:925} INFO - DAG(s) 'esg_data_pipeline' retrieved from /opt/airflow/dags/esg_pipeline_dag.py
[2026-07-18T21:49:25.540+0000] {logging_mixin.py:190} INFO - [2026-07-18T21:49:25.539+0000] {dag.py:3239} INFO - Sync 1 DAGs
[2026-07-18T21:49:25.561+0000] {logging_mixin.py:190} INFO - [2026-07-18T21:49:25.561+0000] {dag.py:4180} INFO - Setting next_dagrun for esg_data_pipeline to None, run_after=None
[2026-07-18T21:49:25.585+0000] {processor.py:208} INFO - Processing /opt/airflow/dags/esg_pipeline_dag.py took 0.128 seconds
[2026-07-18T22:00:36.941+0000] {processor.py:186} INFO - Started process (PID=3021) to work on /opt/airflow/dags/esg_pipeline_dag.py
[2026-07-18T22:00:36.958+0000] {processor.py:914} INFO - Processing file /opt/airflow/dags/esg_pipeline_dag.py for tasks to queue
[2026-07-18T22:00:36.964+0000] {logging_mixin.py:190} INFO - [2026-07-18T22:00:36.964+0000] {dagbag.py:588} INFO - Filling up the DagBag from /opt/airflow/dags/esg_pipeline_dag.py
[2026-07-18T22:00:37.083+0000] {processor.py:925} INFO - DAG(s) 'esg_data_pipeline' retrieved from /opt/airflow/dags/esg_pipeline_dag.py
[2026-07-18T22:00:37.172+0000] {logging_mixin.py:190} INFO - [2026-07-18T22:00:37.172+0000] {dag.py:3239} INFO - Sync 1 DAGs
[2026-07-18T22:00:37.269+0000] {logging_mixin.py:190} INFO - [2026-07-18T22:00:37.268+0000] {dag.py:4180} INFO - Setting next_dagrun for esg_data_pipeline to None, run_after=None
[2026-07-18T22:00:37.428+0000] {processor.py:208} INFO - Processing /opt/airflow/dags/esg_pipeline_dag.py took 0.497 seconds
[2026-07-18T22:01:07.525+0000] {processor.py:186} INFO - Started process (PID=3085) to work on /opt/airflow/dags/esg_pipeline_dag.py
[2026-07-18T22:01:07.528+0000] {processor.py:914} INFO - Processing file /opt/airflow/dags/esg_pipeline_dag.py for tasks to queue
[2026-07-18T22:01:07.533+0000] {logging_mixin.py:190} INFO - [2026-07-18T22:01:07.532+0000] {dagbag.py:588} INFO - Filling up the DagBag from /opt/airflow/dags/esg_pipeline_dag.py
[2026-07-18T22:01:07.580+0000] {processor.py:925} INFO - DAG(s) 'esg_data_pipeline' retrieved from /opt/airflow/dags/esg_pipeline_dag.py
[2026-07-18T22:01:07.615+0000] {logging_mixin.py:190} INFO - [2026-07-18T22:01:07.615+0000] {dag.py:3239} INFO - Sync 1 DAGs
[2026-07-18T22:01:07.644+0000] {logging_mixin.py:190} INFO - [2026-07-18T22:01:07.644+0000] {dag.py:4180} INFO - Setting next_dagrun for esg_data_pipeline to None, run_after=None
[2026-07-18T22:01:07.698+0000] {processor.py:208} INFO - Processing /opt/airflow/dags/esg_pipeline_dag.py took 0.189 seconds
[2026-07-18T22:01:37.897+0000] {processor.py:186} INFO - Started process (PID=3149) to work on /opt/airflow/dags/esg_pipeline_dag.py
[2026-07-18T22:01:37.899+0000] {processor.py:914} INFO - Processing file /opt/airflow/dags/esg_pipeline_dag.py for tasks to queue
[2026-07-18T22:01:37.904+0000] {logging_mixin.py:190} INFO - [2026-07-18T22:01:37.903+0000] {dagbag.py:588} INFO - Filling up the DagBag from /opt/airflow/dags/esg_pipeline_dag.py
[2026-07-18T22:01:37.938+0000] {processor.py:925} INFO - DAG(s) 'esg_data_pipeline' retrieved from /opt/airflow/dags/esg_pipeline_dag.py
[2026-07-18T22:01:37.972+0000] {logging_mixin.py:190} INFO - [2026-07-18T22:01:37.972+0000] {dag.py:3239} INFO - Sync 1 DAGs
[2026-07-18T22:01:38.001+0000] {logging_mixin.py:190} INFO - [2026-07-18T22:01:38.001+0000] {dag.py:4180} INFO - Setting next_dagrun for esg_data_pipeline to None, run_after=None
[2026-07-18T22:01:38.090+0000] {processor.py:208} INFO - Processing /opt/airflow/dags/esg_pipeline_dag.py took 0.203 seconds
[2026-07-18T22:02:09.054+0000] {processor.py:186} INFO - Started process (PID=3213) to work on /opt/airflow/dags/esg_pipeline_dag.py
[2026-07-18T22:02:09.059+0000] {processor.py:914} INFO - Processing file /opt/airflow/dags/esg_pipeline_dag.py for tasks to queue
[2026-07-18T22:02:09.063+0000] {logging_mixin.py:190} INFO - [2026-07-18T22:02:09.062+0000] {dagbag.py:588} INFO - Filling up the DagBag from /opt/airflow/dags/esg_pipeline_dag.py
[2026-07-18T22:02:09.104+0000] {processor.py:925} INFO - DAG(s) 'esg_data_pipeline' retrieved from /opt/airflow/dags/esg_pipeline_dag.py
[2026-07-18T22:02:09.133+0000] {logging_mixin.py:190} INFO - [2026-07-18T22:02:09.132+0000] {dag.py:3239} INFO - Sync 1 DAGs
[2026-07-18T22:02:09.158+0000] {logging_mixin.py:190} INFO - [2026-07-18T22:02:09.157+0000] {dag.py:4180} INFO - Setting next_dagrun for esg_data_pipeline to None, run_after=None
[2026-07-18T22:02:09.189+0000] {processor.py:208} INFO - Processing /opt/airflow/dags/esg_pipeline_dag.py took 0.160 seconds
[2026-07-18T22:02:39.347+0000] {processor.py:186} INFO - Started process (PID=3277) to work on /opt/airflow/dags/esg_pipeline_dag.py
[2026-07-18T22:02:39.350+0000] {processor.py:914} INFO - Processing file /opt/airflow/dags/esg_pipeline_dag.py for tasks to queue
[2026-07-18T22:02:39.354+0000] {logging_mixin.py:190} INFO - [2026-07-18T22:02:39.353+0000] {dagbag.py:588} INFO - Filling up the DagBag from /opt/airflow/dags/esg_pipeline_dag.py
[2026-07-18T22:02:39.387+0000] {processor.py:925} INFO - DAG(s) 'esg_data_pipeline' retrieved from /opt/airflow/dags/esg_pipeline_dag.py
[2026-07-18T22:02:39.422+0000] {logging_mixin.py:190} INFO - [2026-07-18T22:02:39.421+0000] {dag.py:3239} INFO - Sync 1 DAGs
[2026-07-18T22:02:39.445+0000] {logging_mixin.py:190} INFO - [2026-07-18T22:02:39.444+0000] {dag.py:4180} INFO - Setting next_dagrun for esg_data_pipeline to None, run_after=None
[2026-07-18T22:02:39.515+0000] {processor.py:208} INFO - Processing /opt/airflow/dags/esg_pipeline_dag.py took 0.181 seconds
[2026-07-18T22:03:10.058+0000] {processor.py:186} INFO - Started process (PID=3341) to work on /opt/airflow/dags/esg_pipeline_dag.py
[2026-07-18T22:03:10.064+0000] {processor.py:914} INFO - Processing file /opt/airflow/dags/esg_pipeline_dag.py for tasks to queue
[2026-07-18T22:03:10.069+0000] {logging_mixin.py:190} INFO - [2026-07-18T22:03:10.068+0000] {dagbag.py:588} INFO - Filling up the DagBag from /opt/airflow/dags/esg_pipeline_dag.py
[2026-07-18T22:03:10.107+0000] {processor.py:925} INFO - DAG(s) 'esg_data_pipeline' retrieved from /opt/airflow/dags/esg_pipeline_dag.py
[2026-07-18T22:03:10.140+0000] {logging_mixin.py:190} INFO - [2026-07-18T22:03:10.140+0000] {dag.py:3239} INFO - Sync 1 DAGs
[2026-07-18T22:03:10.167+0000] {logging_mixin.py:190} INFO - [2026-07-18T22:03:10.166+0000] {dag.py:4180} INFO - Setting next_dagrun for esg_data_pipeline to None, run_after=None
[2026-07-18T22:03:10.473+0000] {processor.py:208} INFO - Processing /opt/airflow/dags/esg_pipeline_dag.py took 0.432 seconds
[2026-07-18T22:03:40.567+0000] {processor.py:186} INFO - Started process (PID=3405) to work on /opt/airflow/dags/esg_pipeline_dag.py
[2026-07-18T22:03:40.569+0000] {processor.py:914} INFO - Processing file /opt/airflow/dags/esg_pipeline_dag.py for tasks to queue
[2026-07-18T22:03:40.572+0000] {logging_mixin.py:190} INFO - [2026-07-18T22:03:40.572+0000] {dagbag.py:588} INFO - Filling up the DagBag from /opt/airflow/dags/esg_pipeline_dag.py
[2026-07-18T22:03:40.601+0000] {processor.py:925} INFO - DAG(s) 'esg_data_pipeline' retrieved from /opt/airflow/dags/esg_pipeline_dag.py
[2026-07-18T22:03:40.631+0000] {logging_mixin.py:190} INFO - [2026-07-18T22:03:40.631+0000] {dag.py:3239} INFO - Sync 1 DAGs
[2026-07-18T22:03:40.655+0000] {logging_mixin.py:190} INFO - [2026-07-18T22:03:40.655+0000] {dag.py:4180} INFO - Setting next_dagrun for esg_data_pipeline to None, run_after=None
[2026-07-18T22:03:40.746+0000] {processor.py:208} INFO - Processing /opt/airflow/dags/esg_pipeline_dag.py took 0.189 seconds
[2026-07-18T22:04:10.934+0000] {processor.py:186} INFO - Started process (PID=3469) to work on /opt/airflow/dags/esg_pipeline_dag.py
[2026-07-18T22:04:10.937+0000] {processor.py:914} INFO - Processing file /opt/airflow/dags/esg_pipeline_dag.py for tasks to queue
[2026-07-18T22:04:10.941+0000] {logging_mixin.py:190} INFO - [2026-07-18T22:04:10.940+0000] {dagbag.py:588} INFO - Filling up the DagBag from /opt/airflow/dags/esg_pipeline_dag.py
[2026-07-18T22:04:10.972+0000] {processor.py:925} INFO - DAG(s) 'esg_data_pipeline' retrieved from /opt/airflow/dags/esg_pipeline_dag.py
[2026-07-18T22:04:10.999+0000] {logging_mixin.py:190} INFO - [2026-07-18T22:04:10.998+0000] {dag.py:3239} INFO - Sync 1 DAGs
[2026-07-18T22:04:11.023+0000] {logging_mixin.py:190} INFO - [2026-07-18T22:04:11.023+0000] {dag.py:4180} INFO - Setting next_dagrun for esg_data_pipeline to None, run_after=None
[2026-07-18T22:04:11.096+0000] {processor.py:208} INFO - Processing /opt/airflow/dags/esg_pipeline_dag.py took 0.169 seconds
[2026-07-18T22:04:41.408+0000] {processor.py:186} INFO - Started process (PID=3532) to work on /opt/airflow/dags/esg_pipeline_dag.py
[2026-07-18T22:04:41.411+0000] {processor.py:914} INFO - Processing file /opt/airflow/dags/esg_pipeline_dag.py for tasks to queue
[2026-07-18T22:04:41.414+0000] {logging_mixin.py:190} INFO - [2026-07-18T22:04:41.414+0000] {dagbag.py:588} INFO - Filling up the DagBag from /opt/airflow/dags/esg_pipeline_dag.py
[2026-07-18T22:04:41.446+0000] {processor.py:925} INFO - DAG(s) 'esg_data_pipeline' retrieved from /opt/airflow/dags/esg_pipeline_dag.py
[2026-07-18T22:04:41.476+0000] {logging_mixin.py:190} INFO - [2026-07-18T22:04:41.476+0000] {dag.py:3239} INFO - Sync 1 DAGs
[2026-07-18T22:04:41.501+0000] {logging_mixin.py:190} INFO - [2026-07-18T22:04:41.501+0000] {dag.py:4180} INFO - Setting next_dagrun for esg_data_pipeline to None, run_after=None
[2026-07-18T22:04:41.792+0000] {processor.py:208} INFO - Processing /opt/airflow/dags/esg_pipeline_dag.py took 0.397 seconds
[2026-07-18T22:05:12.184+0000] {processor.py:186} INFO - Started process (PID=3595) to work on /opt/airflow/dags/esg_pipeline_dag.py
[2026-07-18T22:05:12.188+0000] {processor.py:914} INFO - Processing file /opt/airflow/dags/esg_pipeline_dag.py for tasks to queue
[2026-07-18T22:05:12.191+0000] {logging_mixin.py:190} INFO - [2026-07-18T22:05:12.190+0000] {dagbag.py:588} INFO - Filling up the DagBag from /opt/airflow/dags/esg_pipeline_dag.py
[2026-07-18T22:05:12.227+0000] {processor.py:925} INFO - DAG(s) 'esg_data_pipeline' retrieved from /opt/airflow/dags/esg_pipeline_dag.py
[2026-07-18T22:05:12.264+0000] {logging_mixin.py:190} INFO - [2026-07-18T22:05:12.264+0000] {dag.py:3239} INFO - Sync 1 DAGs
[2026-07-18T22:05:12.291+0000] {logging_mixin.py:190} INFO - [2026-07-18T22:05:12.291+0000] {dag.py:4180} INFO - Setting next_dagrun for esg_data_pipeline to None, run_after=None
[2026-07-18T22:05:12.394+0000] {processor.py:208} INFO - Processing /opt/airflow/dags/esg_pipeline_dag.py took 0.226 seconds
[2026-07-18T22:05:42.640+0000] {processor.py:186} INFO - Started process (PID=3659) to work on /opt/airflow/dags/esg_pipeline_dag.py
[2026-07-18T22:05:42.643+0000] {processor.py:914} INFO - Processing file /opt/airflow/dags/esg_pipeline_dag.py for tasks to queue
[2026-07-18T22:05:42.647+0000] {logging_mixin.py:190} INFO - [2026-07-18T22:05:42.646+0000] {dagbag.py:588} INFO - Filling up the DagBag from /opt/airflow/dags/esg_pipeline_dag.py
[2026-07-18T22:05:42.688+0000] {processor.py:925} INFO - DAG(s) 'esg_data_pipeline' retrieved from /opt/airflow/dags/esg_pipeline_dag.py
[2026-07-18T22:05:42.743+0000] {logging_mixin.py:190} INFO - [2026-07-18T22:05:42.742+0000] {dag.py:3239} INFO - Sync 1 DAGs
[2026-07-18T22:05:42.790+0000] {logging_mixin.py:190} INFO - [2026-07-18T22:05:42.790+0000] {dag.py:4180} INFO - Setting next_dagrun for esg_data_pipeline to None, run_after=None
[2026-07-18T22:05:42.899+0000] {processor.py:208} INFO - Processing /opt/airflow/dags/esg_pipeline_dag.py took 0.271 seconds
[2026-07-18T23:18:08.775+0000] {processor.py:186} INFO - Started process (PID=3675) to work on /opt/airflow/dags/esg_pipeline_dag.py
[2026-07-18T23:18:08.788+0000] {processor.py:914} INFO - Processing file /opt/airflow/dags/esg_pipeline_dag.py for tasks to queue
[2026-07-18T23:18:08.803+0000] {logging_mixin.py:190} INFO - [2026-07-18T23:18:08.803+0000] {dagbag.py:588} INFO - Filling up the DagBag from /opt/airflow/dags/esg_pipeline_dag.py
[2026-07-18T23:18:09.149+0000] {processor.py:925} INFO - DAG(s) 'esg_data_pipeline' retrieved from /opt/airflow/dags/esg_pipeline_dag.py
[2026-07-18T23:18:09.226+0000] {logging_mixin.py:190} INFO - [2026-07-18T23:18:09.226+0000] {dag.py:3239} INFO - Sync 1 DAGs
[2026-07-18T23:18:09.341+0000] {logging_mixin.py:190} INFO - [2026-07-18T23:18:09.340+0000] {dag.py:4180} INFO - Setting next_dagrun for esg_data_pipeline to None, run_after=None
[2026-07-18T23:18:09.436+0000] {processor.py:208} INFO - Processing /opt/airflow/dags/esg_pipeline_dag.py took 0.681 seconds
