[2026-07-18T21:45:25.298+0000] {local_task_job_runner.py:123} INFO - ::group::Pre task execution logs
[2026-07-18T21:45:25.321+0000] {taskinstance.py:2613} INFO - Dependencies all met for dep_context=non-requeueable deps ti=<TaskInstance: esg_data_pipeline.build_gold_layer manual__2026-07-18T21:43:43.580895+00:00 [queued]>
[2026-07-18T21:45:25.336+0000] {taskinstance.py:2613} INFO - Dependencies all met for dep_context=requeueable deps ti=<TaskInstance: esg_data_pipeline.build_gold_layer manual__2026-07-18T21:43:43.580895+00:00 [queued]>
[2026-07-18T21:45:25.339+0000] {taskinstance.py:2866} INFO - Starting attempt 1 of 2
[2026-07-18T21:45:25.361+0000] {taskinstance.py:2889} INFO - Executing <Task(BashOperator): build_gold_layer> on 2026-07-18 21:43:43.580895+00:00
[2026-07-18T21:45:25.376+0000] {warnings.py:112} WARNING - /home/***/.local/lib/python3.12/site-packages/***/task/task_runner/standard_task_runner.py:70: DeprecationWarning: This process (pid=418) is multi-threaded, use of fork() may lead to deadlocks in the child.
  pid = os.fork()

[2026-07-18T21:45:25.379+0000] {standard_task_runner.py:104} INFO - Running: ['***', 'tasks', 'run', 'esg_data_pipeline', 'build_gold_layer', 'manual__2026-07-18T21:43:43.580895+00:00', '--job-id', '11', '--raw', '--subdir', 'DAGS_FOLDER/esg_pipeline_dag.py', '--cfg-path', '/tmp/tmpsm2vgscy']
[2026-07-18T21:45:25.380+0000] {standard_task_runner.py:72} INFO - Started process 420 to run task
[2026-07-18T21:45:25.381+0000] {standard_task_runner.py:105} INFO - Job 11: Subtask build_gold_layer
[2026-07-18T21:45:25.490+0000] {task_command.py:467} INFO - Running <TaskInstance: esg_data_pipeline.build_gold_layer manual__2026-07-18T21:43:43.580895+00:00 [running]> on host 4f7460bab454
[2026-07-18T21:45:26.063+0000] {taskinstance.py:3132} INFO - Exporting env vars: AIRFLOW_CTX_DAG_OWNER='ishan' AIRFLOW_CTX_DAG_ID='esg_data_pipeline' AIRFLOW_CTX_TASK_ID='build_gold_layer' AIRFLOW_CTX_EXECUTION_DATE='2026-07-18T21:43:43.580895+00:00' AIRFLOW_CTX_TRY_NUMBER='1' AIRFLOW_CTX_DAG_RUN_ID='manual__2026-07-18T21:43:43.580895+00:00'
[2026-07-18T21:45:26.067+0000] {logging_mixin.py:190} INFO - Task instance is in running state
[2026-07-18T21:45:26.069+0000] {logging_mixin.py:190} INFO -  Previous state of the Task instance: queued
[2026-07-18T21:45:26.071+0000] {logging_mixin.py:190} INFO - Current task name:build_gold_layer state:running start_date:2026-07-18 21:45:25.323168+00:00
[2026-07-18T21:45:26.072+0000] {logging_mixin.py:190} INFO - Dag name:esg_data_pipeline and current dag run status:running
[2026-07-18T21:45:26.075+0000] {taskinstance.py:731} INFO - ::endgroup::
[2026-07-18T21:45:26.078+0000] {subprocess.py:78} INFO - Tmp dir root location: /tmp
[2026-07-18T21:45:26.081+0000] {subprocess.py:88} INFO - Running command: ['/usr/bin/bash', '-c', 'cd /opt/***/esg_project && python -m src.validate.build_gold_layer']
[2026-07-18T21:45:26.113+0000] {subprocess.py:99} INFO - Output:
[2026-07-18T21:45:29.389+0000] {subprocess.py:106} INFO - Loaded 24 rows from silver_pdf_esg_data
[2026-07-18T21:45:29.393+0000] {subprocess.py:106} INFO - 
[2026-07-18T21:45:29.395+0000] {subprocess.py:106} INFO - [OK] Schema-level validation passed for all rows.
[2026-07-18T21:45:29.397+0000] {subprocess.py:106} INFO - 
[2026-07-18T21:45:29.398+0000] {subprocess.py:106} INFO - [RESULT] Clean records: 0
[2026-07-18T21:45:29.400+0000] {subprocess.py:106} INFO - [RESULT] Flagged records: 24
[2026-07-18T21:45:29.402+0000] {subprocess.py:106} INFO - 
[2026-07-18T21:45:29.403+0000] {subprocess.py:106} INFO - Flagged records and reasons:
[2026-07-18T21:45:29.404+0000] {subprocess.py:106} INFO -                                                                                         _source_file                                          product_name gwp_total                                                              _flags
[2026-07-18T21:45:29.406+0000] {subprocess.py:106} INFO - 0   1765535663386_ABB_EPD_MCB_Compact_S200__...M__SC...__ST...__...MTUC__...MT___MUC__family (1).pdf                                                  None      2.22                                                missing_product_name
[2026-07-18T21:45:29.408+0000] {subprocess.py:106} INFO - 1   1765535663386_ABB_EPD_MCB_Compact_S200__...M__SC...__ST...__...MTUC__...MT___MUC__family (1).pdf                                                  None      2.22                                                missing_product_name
[2026-07-18T21:45:29.410+0000] {subprocess.py:106} INFO - 2   1765535663386_ABB_EPD_MCB_Compact_S200__...M__SC...__ST...__...MTUC__...MT___MUC__family (1).pdf                                                  None      2.22                                                missing_product_name
[2026-07-18T21:45:29.412+0000] {subprocess.py:106} INFO - 3                                                              1765785927809_Light_bulb_Lival_OY.pdf  related or management system-related certifications:      None       product_name_looks_invalid (matched pattern: 'certification')
[2026-07-18T21:45:29.413+0000] {subprocess.py:106} INFO - 4                                                              1765785927809_Light_bulb_Lival_OY.pdf  related or management system-related certifications:      None       product_name_looks_invalid (matched pattern: 'certification')
[2026-07-18T21:45:29.415+0000] {subprocess.py:106} INFO - 5                                                              1765785927809_Light_bulb_Lival_OY.pdf  related or management system-related certifications:      None       product_name_looks_invalid (matched pattern: 'certification')
[2026-07-18T21:45:29.416+0000] {subprocess.py:106} INFO - 6                                                      1770554955673_report_ecoinvent_submission.pdf                                                  None        16                                                missing_product_name
[2026-07-18T21:45:29.417+0000] {subprocess.py:106} INFO - 7                                                      1770554955673_report_ecoinvent_submission.pdf                                                  None        16                                                missing_product_name
[2026-07-18T21:45:29.419+0000] {subprocess.py:106} INFO - 8                                                      1770554955673_report_ecoinvent_submission.pdf                                                  None        16                                                missing_product_name
[2026-07-18T21:45:29.420+0000] {subprocess.py:106} INFO - 9                                       1774959241141_PolyCo_Screening_LCA_Report_-_v0.1_67___2_.pdf                                                  None      None                                                missing_product_name
[2026-07-18T21:45:29.422+0000] {subprocess.py:106} INFO - 10                                      1774959241141_PolyCo_Screening_LCA_Report_-_v0.1_67___2_.pdf                                                  None      None                                                missing_product_name
[2026-07-18T21:45:29.423+0000] {subprocess.py:106} INFO - 11                                      1774959241141_PolyCo_Screening_LCA_Report_-_v0.1_67___2_.pdf                                                  None      None                                                missing_product_name
[2026-07-18T21:45:29.425+0000] {subprocess.py:106} INFO - 12                                     Business Responsibility and Sustainability Report 2025-26.pdf                                                  None      None                                                missing_product_name
[2026-07-18T21:45:29.426+0000] {subprocess.py:106} INFO - 13                                     Business Responsibility and Sustainability Report 2025-26.pdf                                                  None      None                                                missing_product_name
[2026-07-18T21:45:29.428+0000] {subprocess.py:106} INFO - 14                                     Business Responsibility and Sustainability Report 2025-26.pdf                                                  None      None                                                missing_product_name
[2026-07-18T21:45:29.429+0000] {subprocess.py:106} INFO - 15                                                           EPD document EPD-IES-0021266_001 en.pdf   related or management system-related certifications         2       product_name_looks_invalid (matched pattern: 'certification')
[2026-07-18T21:45:29.431+0000] {subprocess.py:106} INFO - 16                                                           EPD document EPD-IES-0021266_001 en.pdf   related or management system-related certifications         2       product_name_looks_invalid (matched pattern: 'certification')
[2026-07-18T21:45:29.432+0000] {subprocess.py:106} INFO - 17                                                           EPD document EPD-IES-0021266_001 en.pdf   related or management system-related certifications         2       product_name_looks_invalid (matched pattern: 'certification')
[2026-07-18T21:45:29.434+0000] {subprocess.py:106} INFO - 18                                                           GRI-Sustainability-Report-2018-2019.pdf                                                  None      None                                                missing_product_name
[2026-07-18T21:45:29.435+0000] {subprocess.py:106} INFO - 19                                                           GRI-Sustainability-Report-2018-2019.pdf                                                  None      None                                                missing_product_name
[2026-07-18T21:45:29.436+0000] {subprocess.py:106} INFO - 20                                                           GRI-Sustainability-Report-2018-2019.pdf                                                  None      None                                                missing_product_name
[2026-07-18T21:45:29.438+0000] {subprocess.py:106} INFO - 21                                 NEPD-16855-20998_ECORD6ASF02MSH---RJ45-S-FTP-CAT6A-Patch-Cord.pdf                                   Declaration number:         2  product_name_looks_invalid (matched pattern: 'declaration number')
[2026-07-18T21:45:29.439+0000] {subprocess.py:106} INFO - 22                                 NEPD-16855-20998_ECORD6ASF02MSH---RJ45-S-FTP-CAT6A-Patch-Cord.pdf                                   Declaration number:         2  product_name_looks_invalid (matched pattern: 'declaration number')
[2026-07-18T21:45:29.441+0000] {subprocess.py:106} INFO - 23                                 NEPD-16855-20998_ECORD6ASF02MSH---RJ45-S-FTP-CAT6A-Patch-Cord.pdf                                   Declaration number:         2  product_name_looks_invalid (matched pattern: 'declaration number')
[2026-07-18T21:45:29.443+0000] {subprocess.py:106} INFO - 
[2026-07-18T21:45:29.445+0000] {subprocess.py:106} INFO - [OK] Gold tables written to data/gold/esg_gold.duckdb
[2026-07-18T21:45:29.646+0000] {subprocess.py:110} INFO - Command exited with return code 0
[2026-07-18T21:45:29.690+0000] {taskinstance.py:340} INFO - ::group::Post task execution logs
[2026-07-18T21:45:29.692+0000] {taskinstance.py:352} INFO - Marking task as SUCCESS. dag_id=esg_data_pipeline, task_id=build_gold_layer, run_id=manual__2026-07-18T21:43:43.580895+00:00, execution_date=20260718T214343, start_date=20260718T214525, end_date=20260718T214529
[2026-07-18T21:45:29.717+0000] {logging_mixin.py:190} INFO - Task instance in success state
[2026-07-18T21:45:29.718+0000] {logging_mixin.py:190} INFO -  Previous state of the Task instance: running
[2026-07-18T21:45:29.720+0000] {logging_mixin.py:190} INFO - Dag name:esg_data_pipeline queued_at:2026-07-18 21:43:43.605808+00:00
[2026-07-18T21:45:29.721+0000] {logging_mixin.py:190} INFO - Task hostname:4f7460bab454 operator:BashOperator
[2026-07-18T21:45:29.756+0000] {local_task_job_runner.py:266} INFO - Task exited with return code 0
[2026-07-18T21:45:29.792+0000] {taskinstance.py:3895} INFO - 0 downstream tasks scheduled from follow-on schedule check
[2026-07-18T21:45:29.798+0000] {local_task_job_runner.py:245} INFO - ::endgroup::
