[2026-07-18T21:43:47.344+0000] {local_task_job_runner.py:123} INFO - ::group::Pre task execution logs
[2026-07-18T21:43:47.374+0000] {taskinstance.py:2613} INFO - Dependencies all met for dep_context=non-requeueable deps ti=<TaskInstance: esg_data_pipeline.extract_pdf manual__2026-07-18T21:43:43.580895+00:00 [queued]>
[2026-07-18T21:43:47.394+0000] {taskinstance.py:2613} INFO - Dependencies all met for dep_context=requeueable deps ti=<TaskInstance: esg_data_pipeline.extract_pdf manual__2026-07-18T21:43:43.580895+00:00 [queued]>
[2026-07-18T21:43:47.396+0000] {taskinstance.py:2866} INFO - Starting attempt 1 of 2
[2026-07-18T21:43:47.420+0000] {taskinstance.py:2889} INFO - Executing <Task(BashOperator): extract_pdf> on 2026-07-18 21:43:43.580895+00:00
[2026-07-18T21:43:47.438+0000] {warnings.py:112} WARNING - /home/***/.local/lib/python3.12/site-packages/***/task/task_runner/standard_task_runner.py:70: DeprecationWarning: This process (pid=338) is multi-threaded, use of fork() may lead to deadlocks in the child.
  pid = os.fork()

[2026-07-18T21:43:47.442+0000] {standard_task_runner.py:104} INFO - Running: ['***', 'tasks', 'run', 'esg_data_pipeline', 'extract_pdf', 'manual__2026-07-18T21:43:43.580895+00:00', '--job-id', '8', '--raw', '--subdir', 'DAGS_FOLDER/esg_pipeline_dag.py', '--cfg-path', '/tmp/tmp9r7pv2wm']
[2026-07-18T21:43:47.443+0000] {standard_task_runner.py:72} INFO - Started process 340 to run task
[2026-07-18T21:43:47.445+0000] {standard_task_runner.py:105} INFO - Job 8: Subtask extract_pdf
[2026-07-18T21:43:47.584+0000] {task_command.py:467} INFO - Running <TaskInstance: esg_data_pipeline.extract_pdf manual__2026-07-18T21:43:43.580895+00:00 [running]> on host 4f7460bab454
[2026-07-18T21:43:48.397+0000] {taskinstance.py:3132} INFO - Exporting env vars: AIRFLOW_CTX_DAG_OWNER='ishan' AIRFLOW_CTX_DAG_ID='esg_data_pipeline' AIRFLOW_CTX_TASK_ID='extract_pdf' AIRFLOW_CTX_EXECUTION_DATE='2026-07-18T21:43:43.580895+00:00' AIRFLOW_CTX_TRY_NUMBER='1' AIRFLOW_CTX_DAG_RUN_ID='manual__2026-07-18T21:43:43.580895+00:00'
[2026-07-18T21:43:48.403+0000] {logging_mixin.py:190} INFO - Task instance is in running state
[2026-07-18T21:43:48.407+0000] {logging_mixin.py:190} INFO -  Previous state of the Task instance: queued
[2026-07-18T21:43:48.411+0000] {logging_mixin.py:190} INFO - Current task name:extract_pdf state:running start_date:2026-07-18 21:43:47.377194+00:00
[2026-07-18T21:43:48.414+0000] {logging_mixin.py:190} INFO - Dag name:esg_data_pipeline and current dag run status:running
[2026-07-18T21:43:48.417+0000] {taskinstance.py:731} INFO - ::endgroup::
[2026-07-18T21:43:48.422+0000] {subprocess.py:78} INFO - Tmp dir root location: /tmp
[2026-07-18T21:43:48.428+0000] {subprocess.py:88} INFO - Running command: ['/usr/bin/bash', '-c', 'cd /opt/***/esg_project && python src/extract/pdf_extractor.py']
[2026-07-18T21:43:48.471+0000] {subprocess.py:99} INFO - Output:
[2026-07-18T21:43:49.546+0000] {subprocess.py:106} INFO - /opt/***/esg_project/src/extract/pdf_extractor.py:22: DeprecationWarning: datetime.datetime.utcnow() is deprecated and scheduled for removal in a future version. Use timezone-aware objects to represent datetimes in UTC: datetime.datetime.now(datetime.UTC).
[2026-07-18T21:43:49.548+0000] {subprocess.py:106} INFO -   "extracted_at": datetime.utcnow().isoformat(),
[2026-07-18T21:43:50.826+0000] {subprocess.py:106} INFO - /opt/***/esg_project/src/extract/pdf_extractor.py:43: DeprecationWarning: datetime.datetime.utcnow() is deprecated and scheduled for removal in a future version. Use timezone-aware objects to represent datetimes in UTC: datetime.datetime.now(datetime.UTC).
[2026-07-18T21:43:50.828+0000] {subprocess.py:106} INFO -   timestamp = datetime.utcnow().strftime("%Y%m%d_%H%M%S")
[2026-07-18T21:45:06.872+0000] {subprocess.py:106} INFO - Processing: 1765535663386_ABB_EPD_MCB_Compact_S200__...M__SC...__ST...__...MTUC__...MT___MUC__family (1).pdf
[2026-07-18T21:45:06.875+0000] {subprocess.py:106} INFO - [OK] Saved bronze record -> data/bronze/pdf/1765535663386_ABB_EPD_MCB_Compact_S200__...M__SC...__ST...__...MTUC__...MT___MUC__family (1)_20260718_214350.json
[2026-07-18T21:45:06.876+0000] {subprocess.py:106} INFO - Processing: 1765785927809_Light_bulb_Lival_OY.pdf
[2026-07-18T21:45:06.878+0000] {subprocess.py:106} INFO - [OK] Saved bronze record -> data/bronze/pdf/1765785927809_Light_bulb_Lival_OY_20260718_214358.json
[2026-07-18T21:45:06.880+0000] {subprocess.py:106} INFO - Processing: 1770554955673_report_ecoinvent_submission.pdf
[2026-07-18T21:45:06.882+0000] {subprocess.py:106} INFO - [OK] Saved bronze record -> data/bronze/pdf/1770554955673_report_ecoinvent_submission_20260718_214404.json
[2026-07-18T21:45:06.883+0000] {subprocess.py:106} INFO - Processing: 1774959241141_PolyCo_Screening_LCA_Report_-_v0.1_67___2_.pdf
[2026-07-18T21:45:06.885+0000] {subprocess.py:106} INFO - [OK] Saved bronze record -> data/bronze/pdf/1774959241141_PolyCo_Screening_LCA_Report_-_v0.1_67___2__20260718_214413.json
[2026-07-18T21:45:06.887+0000] {subprocess.py:106} INFO - Processing: Business Responsibility and Sustainability Report 2025-26.pdf
[2026-07-18T21:45:06.888+0000] {subprocess.py:106} INFO - [OK] Saved bronze record -> data/bronze/pdf/Business Responsibility and Sustainability Report 2025-26_20260718_214440.json
[2026-07-18T21:45:06.890+0000] {subprocess.py:106} INFO - Processing: EPD document EPD-IES-0021266_001 en.pdf
[2026-07-18T21:45:06.891+0000] {subprocess.py:106} INFO - [OK] Saved bronze record -> data/bronze/pdf/EPD document EPD-IES-0021266_001 en_20260718_214445.json
[2026-07-18T21:45:06.893+0000] {subprocess.py:106} INFO - Processing: GRI-Sustainability-Report-2018-2019.pdf
[2026-07-18T21:45:06.894+0000] {subprocess.py:106} INFO - [OK] Saved bronze record -> data/bronze/pdf/GRI-Sustainability-Report-2018-2019_20260718_214457.json
[2026-07-18T21:45:06.896+0000] {subprocess.py:106} INFO - Processing: NEPD-16855-20998_ECORD6ASF02MSH---RJ45-S-FTP-CAT6A-Patch-Cord.pdf
[2026-07-18T21:45:06.898+0000] {subprocess.py:106} INFO - [OK] Saved bronze record -> data/bronze/pdf/NEPD-16855-20998_ECORD6ASF02MSH---RJ45-S-FTP-CAT6A-Patch-Cord_20260718_214506.json
[2026-07-18T21:45:07.226+0000] {subprocess.py:110} INFO - Command exited with return code 0
[2026-07-18T21:45:07.391+0000] {taskinstance.py:340} INFO - ::group::Post task execution logs
[2026-07-18T21:45:07.395+0000] {taskinstance.py:352} INFO - Marking task as SUCCESS. dag_id=esg_data_pipeline, task_id=extract_pdf, run_id=manual__2026-07-18T21:43:43.580895+00:00, execution_date=20260718T214343, start_date=20260718T214347, end_date=20260718T214507
[2026-07-18T21:45:07.430+0000] {logging_mixin.py:190} INFO - Task instance in success state
[2026-07-18T21:45:07.434+0000] {logging_mixin.py:190} INFO -  Previous state of the Task instance: running
[2026-07-18T21:45:07.437+0000] {logging_mixin.py:190} INFO - Dag name:esg_data_pipeline queued_at:2026-07-18 21:43:43.605808+00:00
[2026-07-18T21:45:07.439+0000] {logging_mixin.py:190} INFO - Task hostname:4f7460bab454 operator:BashOperator
[2026-07-18T21:45:07.481+0000] {local_task_job_runner.py:266} INFO - Task exited with return code 0
[2026-07-18T21:45:07.798+0000] {taskinstance.py:3895} INFO - 1 downstream tasks scheduled from follow-on schedule check
[2026-07-18T21:45:07.818+0000] {local_task_job_runner.py:245} INFO - ::endgroup::
