[2026-07-18T21:45:11.049+0000] {local_task_job_runner.py:123} INFO - ::group::Pre task execution logs
[2026-07-18T21:45:11.076+0000] {taskinstance.py:2613} INFO - Dependencies all met for dep_context=non-requeueable deps ti=<TaskInstance: esg_data_pipeline.clean_pdf manual__2026-07-18T21:43:43.580895+00:00 [queued]>
[2026-07-18T21:45:11.091+0000] {taskinstance.py:2613} INFO - Dependencies all met for dep_context=requeueable deps ti=<TaskInstance: esg_data_pipeline.clean_pdf manual__2026-07-18T21:43:43.580895+00:00 [queued]>
[2026-07-18T21:45:11.094+0000] {taskinstance.py:2866} INFO - Starting attempt 1 of 2
[2026-07-18T21:45:11.113+0000] {taskinstance.py:2889} INFO - Executing <Task(BashOperator): clean_pdf> on 2026-07-18 21:43:43.580895+00:00
[2026-07-18T21:45:11.127+0000] {warnings.py:112} WARNING - /home/***/.local/lib/python3.12/site-packages/***/task/task_runner/standard_task_runner.py:70: DeprecationWarning: This process (pid=357) is multi-threaded, use of fork() may lead to deadlocks in the child.
  pid = os.fork()

[2026-07-18T21:45:11.129+0000] {standard_task_runner.py:104} INFO - Running: ['***', 'tasks', 'run', 'esg_data_pipeline', 'clean_pdf', 'manual__2026-07-18T21:43:43.580895+00:00', '--job-id', '9', '--raw', '--subdir', 'DAGS_FOLDER/esg_pipeline_dag.py', '--cfg-path', '/tmp/tmp6mr07v8t']
[2026-07-18T21:45:11.131+0000] {standard_task_runner.py:72} INFO - Started process 359 to run task
[2026-07-18T21:45:11.132+0000] {standard_task_runner.py:105} INFO - Job 9: Subtask clean_pdf
[2026-07-18T21:45:11.227+0000] {task_command.py:467} INFO - Running <TaskInstance: esg_data_pipeline.clean_pdf manual__2026-07-18T21:43:43.580895+00:00 [running]> on host 4f7460bab454
[2026-07-18T21:45:11.661+0000] {taskinstance.py:3132} INFO - Exporting env vars: AIRFLOW_CTX_DAG_OWNER='ishan' AIRFLOW_CTX_DAG_ID='esg_data_pipeline' AIRFLOW_CTX_TASK_ID='clean_pdf' AIRFLOW_CTX_EXECUTION_DATE='2026-07-18T21:43:43.580895+00:00' AIRFLOW_CTX_TRY_NUMBER='1' AIRFLOW_CTX_DAG_RUN_ID='manual__2026-07-18T21:43:43.580895+00:00'
[2026-07-18T21:45:11.664+0000] {logging_mixin.py:190} INFO - Task instance is in running state
[2026-07-18T21:45:11.667+0000] {logging_mixin.py:190} INFO -  Previous state of the Task instance: queued
[2026-07-18T21:45:11.669+0000] {logging_mixin.py:190} INFO - Current task name:clean_pdf state:running start_date:2026-07-18 21:45:11.079039+00:00
[2026-07-18T21:45:11.671+0000] {logging_mixin.py:190} INFO - Dag name:esg_data_pipeline and current dag run status:running
[2026-07-18T21:45:11.673+0000] {taskinstance.py:731} INFO - ::endgroup::
[2026-07-18T21:45:11.675+0000] {subprocess.py:78} INFO - Tmp dir root location: /tmp
[2026-07-18T21:45:11.679+0000] {subprocess.py:88} INFO - Running command: ['/usr/bin/bash', '-c', 'cd /opt/***/esg_project && python src/clean/pdf_cleaner.py']
[2026-07-18T21:45:11.703+0000] {subprocess.py:99} INFO - Output:
[2026-07-18T21:45:14.869+0000] {subprocess.py:106} INFO - Cleaned DataFrame shape: (24, 9)
[2026-07-18T21:45:14.872+0000] {subprocess.py:106} INFO -                                                                                         _source_file               _extracted_at  page_count  char_count                                          product_name declared_unit reporting_period gwp_total standard_reference
[2026-07-18T21:45:14.876+0000] {subprocess.py:106} INFO - 0   1765535663386_ABB_EPD_MCB_Compact_S200__...M__SC...__ST...__...MTUC__...MT___MUC__family (1).pdf  2026-07-11T18:57:35.451697          11       16258                                                  None          None          5 years      2.22           EN 15804
[2026-07-18T21:45:14.878+0000] {subprocess.py:106} INFO - 1   1765535663386_ABB_EPD_MCB_Compact_S200__...M__SC...__ST...__...MTUC__...MT___MUC__family (1).pdf  2026-07-18T21:34:00.678449          11       16258                                                  None          None          5 years      2.22           EN 15804
[2026-07-18T21:45:14.881+0000] {subprocess.py:106} INFO - 2   1765535663386_ABB_EPD_MCB_Compact_S200__...M__SC...__ST...__...MTUC__...MT___MUC__family (1).pdf  2026-07-18T21:43:49.546162          11       16258                                                  None          None          5 years      2.22           EN 15804
[2026-07-18T21:45:14.883+0000] {subprocess.py:106} INFO - 3                                                              1765785927809_Light_bulb_Lival_OY.pdf  2026-07-11T18:57:36.014774          15       24661  related or management system-related certifications:          None       2030-06-19      None           EN 15804
[2026-07-18T21:45:14.885+0000] {subprocess.py:106} INFO - 4                                                              1765785927809_Light_bulb_Lival_OY.pdf  2026-07-18T21:34:02.664342          15       24661  related or management system-related certifications:          None       2030-06-19      None           EN 15804
[2026-07-18T21:45:14.887+0000] {subprocess.py:106} INFO - 5                                                              1765785927809_Light_bulb_Lival_OY.pdf  2026-07-18T21:43:50.848978          15       24661  related or management system-related certifications:          None       2030-06-19      None           EN 15804
[2026-07-18T21:45:14.889+0000] {subprocess.py:106} INFO - 6                                                      1770554955673_report_ecoinvent_submission.pdf  2026-07-11T18:57:38.455005          28       40834                                                  None          None             None        16               None
[2026-07-18T21:45:14.891+0000] {subprocess.py:106} INFO - 7                                                      1770554955673_report_ecoinvent_submission.pdf  2026-07-18T21:34:10.539218          28       40834                                                  None          None             None        16               None
[2026-07-18T21:45:14.893+0000] {subprocess.py:106} INFO - 8                                                      1770554955673_report_ecoinvent_submission.pdf  2026-07-18T21:43:58.722922          28       40834                                                  None          None             None        16               None
[2026-07-18T21:45:14.895+0000] {subprocess.py:106} INFO - 9                                       1774959241141_PolyCo_Screening_LCA_Report_-_v0.1_67___2_.pdf  2026-07-11T18:57:40.246375          29       50790                                                  None          None             None      None               None
[2026-07-18T21:45:14.897+0000] {subprocess.py:106} INFO - 10                                      1774959241141_PolyCo_Screening_LCA_Report_-_v0.1_67___2_.pdf  2026-07-18T21:34:15.176275          29       50790                                                  None          None             None      None               None
[2026-07-18T21:45:14.899+0000] {subprocess.py:106} INFO - 11                                      1774959241141_PolyCo_Screening_LCA_Report_-_v0.1_67___2_.pdf  2026-07-18T21:44:04.497857          29       50790                                                  None          None             None      None               None
[2026-07-18T21:45:14.901+0000] {subprocess.py:106} INFO - 12                                     Business Responsibility and Sustainability Report 2025-26.pdf  2026-07-11T18:57:43.581628          52      160205                                                  None          None             None      None               None
[2026-07-18T21:45:14.902+0000] {subprocess.py:106} INFO - 13                                     Business Responsibility and Sustainability Report 2025-26.pdf  2026-07-18T21:34:22.926585          52      160205                                                  None          None             None      None               None
[2026-07-18T21:45:14.904+0000] {subprocess.py:106} INFO - 14                                     Business Responsibility and Sustainability Report 2025-26.pdf  2026-07-18T21:44:13.689097          52      160205                                                  None          None             None      None               None
[2026-07-18T21:45:14.907+0000] {subprocess.py:106} INFO - 15                                                           EPD document EPD-IES-0021266_001 en.pdf  2026-07-11T18:57:54.238917          14       22865   related or management system-related certifications          None             None         2            EN15804
[2026-07-18T21:45:14.910+0000] {subprocess.py:106} INFO - 16                                                           EPD document EPD-IES-0021266_001 en.pdf  2026-07-18T21:34:50.139329          14       22865   related or management system-related certifications          None             None         2            EN15804
[2026-07-18T21:45:14.911+0000] {subprocess.py:106} INFO - 17                                                           EPD document EPD-IES-0021266_001 en.pdf  2026-07-18T21:44:40.245153          14       22865   related or management system-related certifications          None             None         2            EN15804
[2026-07-18T21:45:14.913+0000] {subprocess.py:106} INFO - 18                                                           GRI-Sustainability-Report-2018-2019.pdf  2026-07-11T18:57:56.227779          59      138152                                                  None          None             None      None               None
[2026-07-18T21:45:14.916+0000] {subprocess.py:106} INFO - 19                                                           GRI-Sustainability-Report-2018-2019.pdf  2026-07-18T21:34:57.203240          59      138152                                                  None          None             None      None               None
[2026-07-18T21:45:14.918+0000] {subprocess.py:106} INFO - 20                                                           GRI-Sustainability-Report-2018-2019.pdf  2026-07-18T21:44:45.697063          59      138152                                                  None          None             None      None               None
[2026-07-18T21:45:14.919+0000] {subprocess.py:106} INFO - 21                                 NEPD-16855-20998_ECORD6ASF02MSH---RJ45-S-FTP-CAT6A-Patch-Cord.pdf  2026-07-11T18:58:02.618317          14       25822                                   Declaration number:   Issue date:   1 m 06.07.2026         2        EN 15804+A2
[2026-07-18T21:45:14.921+0000] {subprocess.py:106} INFO - 22                                 NEPD-16855-20998_ECORD6ASF02MSH---RJ45-S-FTP-CAT6A-Patch-Cord.pdf  2026-07-18T21:35:11.309829          14       25822                                   Declaration number:   Issue date:   1 m 06.07.2026         2        EN 15804+A2
[2026-07-18T21:45:14.924+0000] {subprocess.py:106} INFO - 23                                 NEPD-16855-20998_ECORD6ASF02MSH---RJ45-S-FTP-CAT6A-Patch-Cord.pdf  2026-07-18T21:44:57.849171          14       25822                                   Declaration number:   Issue date:   1 m 06.07.2026         2        EN 15804+A2
[2026-07-18T21:45:14.926+0000] {subprocess.py:106} INFO - [OK] Wrote 24 rows into DuckDB table 'silver_pdf_esg_data' at data/silver/esg_silver.duckdb
[2026-07-18T21:45:15.035+0000] {subprocess.py:110} INFO - Command exited with return code 0
[2026-07-18T21:45:15.072+0000] {taskinstance.py:340} INFO - ::group::Post task execution logs
[2026-07-18T21:45:15.074+0000] {taskinstance.py:352} INFO - Marking task as SUCCESS. dag_id=esg_data_pipeline, task_id=clean_pdf, run_id=manual__2026-07-18T21:43:43.580895+00:00, execution_date=20260718T214343, start_date=20260718T214511, end_date=20260718T214515
[2026-07-18T21:45:15.090+0000] {logging_mixin.py:190} INFO - Task instance in success state
[2026-07-18T21:45:15.093+0000] {logging_mixin.py:190} INFO -  Previous state of the Task instance: running
[2026-07-18T21:45:15.095+0000] {logging_mixin.py:190} INFO - Dag name:esg_data_pipeline queued_at:2026-07-18 21:43:43.605808+00:00
[2026-07-18T21:45:15.097+0000] {logging_mixin.py:190} INFO - Task hostname:4f7460bab454 operator:BashOperator
[2026-07-18T21:45:15.131+0000] {local_task_job_runner.py:266} INFO - Task exited with return code 0
[2026-07-18T21:45:15.502+0000] {taskinstance.py:3895} INFO - 1 downstream tasks scheduled from follow-on schedule check
[2026-07-18T21:45:15.548+0000] {local_task_job_runner.py:245} INFO - ::endgroup::
