[2026-07-18T21:35:22.735+0000] {local_task_job_runner.py:123} INFO - ::group::Pre task execution logs
[2026-07-18T21:35:22.779+0000] {taskinstance.py:2613} INFO - Dependencies all met for dep_context=non-requeueable deps ti=<TaskInstance: esg_data_pipeline.clean_pdf manual__2026-07-18T21:33:47.495952+00:00 [queued]>
[2026-07-18T21:35:22.831+0000] {taskinstance.py:2613} INFO - Dependencies all met for dep_context=requeueable deps ti=<TaskInstance: esg_data_pipeline.clean_pdf manual__2026-07-18T21:33:47.495952+00:00 [queued]>
[2026-07-18T21:35:22.837+0000] {taskinstance.py:2866} INFO - Starting attempt 1 of 2
[2026-07-18T21:35:22.947+0000] {taskinstance.py:2889} INFO - Executing <Task(BashOperator): clean_pdf> on 2026-07-18 21:33:47.495952+00:00
[2026-07-18T21:35:22.968+0000] {warnings.py:112} WARNING - /home/***/.local/lib/python3.12/site-packages/***/task/task_runner/standard_task_runner.py:70: DeprecationWarning: This process (pid=221) is multi-threaded, use of fork() may lead to deadlocks in the child.
  pid = os.fork()

[2026-07-18T21:35:22.973+0000] {standard_task_runner.py:104} INFO - Running: ['***', 'tasks', 'run', 'esg_data_pipeline', 'clean_pdf', 'manual__2026-07-18T21:33:47.495952+00:00', '--job-id', '6', '--raw', '--subdir', 'DAGS_FOLDER/esg_pipeline_dag.py', '--cfg-path', '/tmp/tmptah5tpy4']
[2026-07-18T21:35:22.977+0000] {standard_task_runner.py:72} INFO - Started process 223 to run task
[2026-07-18T21:35:22.978+0000] {standard_task_runner.py:105} INFO - Job 6: Subtask clean_pdf
[2026-07-18T21:35:23.223+0000] {task_command.py:467} INFO - Running <TaskInstance: esg_data_pipeline.clean_pdf manual__2026-07-18T21:33:47.495952+00:00 [running]> on host 4f7460bab454
[2026-07-18T21:35:23.686+0000] {taskinstance.py:3132} INFO - Exporting env vars: AIRFLOW_CTX_DAG_OWNER='ishan' AIRFLOW_CTX_DAG_ID='esg_data_pipeline' AIRFLOW_CTX_TASK_ID='clean_pdf' AIRFLOW_CTX_EXECUTION_DATE='2026-07-18T21:33:47.495952+00:00' AIRFLOW_CTX_TRY_NUMBER='1' AIRFLOW_CTX_DAG_RUN_ID='manual__2026-07-18T21:33:47.495952+00:00'
[2026-07-18T21:35:23.689+0000] {logging_mixin.py:190} INFO - Task instance is in running state
[2026-07-18T21:35:23.690+0000] {logging_mixin.py:190} INFO -  Previous state of the Task instance: queued
[2026-07-18T21:35:23.692+0000] {logging_mixin.py:190} INFO - Current task name:clean_pdf state:running start_date:2026-07-18 21:35:22.790326+00:00
[2026-07-18T21:35:23.693+0000] {logging_mixin.py:190} INFO - Dag name:esg_data_pipeline and current dag run status:running
[2026-07-18T21:35:23.695+0000] {taskinstance.py:731} INFO - ::endgroup::
[2026-07-18T21:35:23.697+0000] {subprocess.py:78} INFO - Tmp dir root location: /tmp
[2026-07-18T21:35:23.700+0000] {subprocess.py:88} INFO - Running command: ['/usr/bin/bash', '-c', 'cd /opt/***/esg_project && python src/clean/pdf_cleaner.py']
[2026-07-18T21:35:23.722+0000] {subprocess.py:99} INFO - Output:
[2026-07-18T21:35:24.058+0000] {subprocess.py:106} INFO - Traceback (most recent call last):
[2026-07-18T21:35:24.061+0000] {subprocess.py:106} INFO -   File "/opt/***/esg_project/src/clean/pdf_cleaner.py", line 5, in <module>
[2026-07-18T21:35:24.065+0000] {subprocess.py:106} INFO -     import duckdbQ
[2026-07-18T21:35:24.067+0000] {subprocess.py:106} INFO - ModuleNotFoundError: No module named 'duckdbQ'
[2026-07-18T21:35:24.072+0000] {subprocess.py:110} INFO - Command exited with return code 1
[2026-07-18T21:35:24.089+0000] {taskinstance.py:3311} ERROR - Task failed with exception
Traceback (most recent call last):
  File "/home/airflow/.local/lib/python3.12/site-packages/airflow/models/taskinstance.py", line 767, in _execute_task
    result = _execute_callable(context=context, **execute_callable_kwargs)
             ^^^^^^^^^^^^^^^^^^^^^^^^^^^^^^^^^^^^^^^^^^^^^^^^^^^^^^^^^^^^^
  File "/home/airflow/.local/lib/python3.12/site-packages/airflow/models/taskinstance.py", line 733, in _execute_callable
    return ExecutionCallableRunner(
           ^^^^^^^^^^^^^^^^^^^^^^^^
  File "/home/airflow/.local/lib/python3.12/site-packages/airflow/utils/operator_helpers.py", line 252, in run
    return self.func(*args, **kwargs)
           ^^^^^^^^^^^^^^^^^^^^^^^^^^
  File "/home/airflow/.local/lib/python3.12/site-packages/airflow/models/baseoperator.py", line 422, in wrapper
    return func(self, *args, **kwargs)
           ^^^^^^^^^^^^^^^^^^^^^^^^^^^
  File "/home/airflow/.local/lib/python3.12/site-packages/airflow/operators/bash.py", line 276, in execute
    raise AirflowException(
airflow.exceptions.AirflowException: Bash command failed. The command returned a non-zero exit code 1.
[2026-07-18T21:35:24.105+0000] {logging_mixin.py:190} INFO - Task instance in failure state
[2026-07-18T21:35:24.107+0000] {logging_mixin.py:190} INFO - Task start:2026-07-18 21:35:22.790326+00:00 end:2026-07-18 21:35:24.104904+00:00 duration:1.314578
[2026-07-18T21:35:24.109+0000] {logging_mixin.py:190} INFO - Task:<Task(BashOperator): clean_pdf> dag:<DAG: esg_data_pipeline> dagrun:<DagRun esg_data_pipeline @ 2026-07-18 21:33:47.495952+00:00: manual__2026-07-18T21:33:47.495952+00:00, state:running, queued_at: 2026-07-18 21:33:47.572601+00:00. externally triggered: True>
[2026-07-18T21:35:24.117+0000] {logging_mixin.py:190} INFO - Failure caused by Bash command failed. The command returned a non-zero exit code 1.
[2026-07-18T21:35:24.119+0000] {taskinstance.py:1225} INFO - Marking task as UP_FOR_RETRY. dag_id=esg_data_pipeline, task_id=clean_pdf, run_id=manual__2026-07-18T21:33:47.495952+00:00, execution_date=20260718T213347, start_date=20260718T213522, end_date=20260718T213524
[2026-07-18T21:35:24.143+0000] {taskinstance.py:340} INFO - ::group::Post task execution logs
[2026-07-18T21:35:24.145+0000] {standard_task_runner.py:124} ERROR - Failed to execute job 6 for task clean_pdf (Bash command failed. The command returned a non-zero exit code 1.; 223)
Traceback (most recent call last):
  File "/home/airflow/.local/lib/python3.12/site-packages/airflow/task/task_runner/standard_task_runner.py", line 117, in _start_by_fork
    ret = args.func(args, dag=self.dag)
          ^^^^^^^^^^^^^^^^^^^^^^^^^^^^^
  File "/home/airflow/.local/lib/python3.12/site-packages/airflow/cli/cli_config.py", line 49, in command
    return func(*args, **kwargs)
           ^^^^^^^^^^^^^^^^^^^^^
  File "/home/airflow/.local/lib/python3.12/site-packages/airflow/utils/cli.py", line 116, in wrapper
    return f(*args, **kwargs)
           ^^^^^^^^^^^^^^^^^^
  File "/home/airflow/.local/lib/python3.12/site-packages/airflow/cli/commands/task_command.py", line 483, in task_run
    task_return_code = _run_task_by_selected_method(args, _dag, ti)
                       ^^^^^^^^^^^^^^^^^^^^^^^^^^^^^^^^^^^^^^^^^^^^
  File "/home/airflow/.local/lib/python3.12/site-packages/airflow/cli/commands/task_command.py", line 256, in _run_task_by_selected_method
    return _run_raw_task(args, ti)
           ^^^^^^^^^^^^^^^^^^^^^^^
  File "/home/airflow/.local/lib/python3.12/site-packages/airflow/cli/commands/task_command.py", line 341, in _run_raw_task
    return ti._run_raw_task(
           ^^^^^^^^^^^^^^^^^
  File "/home/airflow/.local/lib/python3.12/site-packages/airflow/utils/session.py", line 97, in wrapper
    return func(*args, session=session, **kwargs)
           ^^^^^^^^^^^^^^^^^^^^^^^^^^^^^^^^^^^^^^
  File "/home/airflow/.local/lib/python3.12/site-packages/airflow/models/taskinstance.py", line 3005, in _run_raw_task
    return _run_raw_task(
           ^^^^^^^^^^^^^^
  File "/home/airflow/.local/lib/python3.12/site-packages/airflow/models/taskinstance.py", line 273, in _run_raw_task
    TaskInstance._execute_task_with_callbacks(
  File "/home/airflow/.local/lib/python3.12/site-packages/airflow/models/taskinstance.py", line 3159, in _execute_task_with_callbacks
    result = self._execute_task(context, task_orig)
             ^^^^^^^^^^^^^^^^^^^^^^^^^^^^^^^^^^^^^^
  File "/home/airflow/.local/lib/python3.12/site-packages/airflow/models/taskinstance.py", line 3183, in _execute_task
    return _execute_task(self, context, task_orig)
           ^^^^^^^^^^^^^^^^^^^^^^^^^^^^^^^^^^^^^^^
  File "/home/airflow/.local/lib/python3.12/site-packages/airflow/models/taskinstance.py", line 767, in _execute_task
    result = _execute_callable(context=context, **execute_callable_kwargs)
             ^^^^^^^^^^^^^^^^^^^^^^^^^^^^^^^^^^^^^^^^^^^^^^^^^^^^^^^^^^^^^
  File "/home/airflow/.local/lib/python3.12/site-packages/airflow/models/taskinstance.py", line 733, in _execute_callable
    return ExecutionCallableRunner(
           ^^^^^^^^^^^^^^^^^^^^^^^^
  File "/home/airflow/.local/lib/python3.12/site-packages/airflow/utils/operator_helpers.py", line 252, in run
    return self.func(*args, **kwargs)
           ^^^^^^^^^^^^^^^^^^^^^^^^^^
  File "/home/airflow/.local/lib/python3.12/site-packages/airflow/models/baseoperator.py", line 422, in wrapper
    return func(self, *args, **kwargs)
           ^^^^^^^^^^^^^^^^^^^^^^^^^^^
  File "/home/airflow/.local/lib/python3.12/site-packages/airflow/operators/bash.py", line 276, in execute
    raise AirflowException(
airflow.exceptions.AirflowException: Bash command failed. The command returned a non-zero exit code 1.
[2026-07-18T21:35:24.209+0000] {local_task_job_runner.py:266} INFO - Task exited with return code 1
[2026-07-18T21:35:24.445+0000] {taskinstance.py:3895} INFO - 0 downstream tasks scheduled from follow-on schedule check
[2026-07-18T21:35:24.451+0000] {local_task_job_runner.py:245} INFO - ::endgroup::
